<?xml version="1.0"?>
<link_info>
   <banner>MSP430 Linker PC v4.4.5</banner>
   <copyright>Copyright (c) 2003-2015 Texas Instruments Incorporated</copyright>
   <link_time>0x56997504</link_time>
   <link_errors>0x0</link_errors>
   <output_file>Adventurer_v_9CCS.out</output_file>
   <entry_point>
      <name>_c_int00_noargs_noexit</name>
      <address>0x453e</address>
   </entry_point>
   <input_file_list>
      <input_file id="fl-2">
         <path>.\</path>
         <kind>object</kind>
         <file>Adafruit_SSD1306.obj</file>
         <name>Adafruit_SSD1306.obj</name>
      </input_file>
      <input_file id="fl-3">
         <path>.\</path>
         <kind>object</kind>
         <file>FXOS8700CQ.obj</file>
         <name>FXOS8700CQ.obj</name>
      </input_file>
      <input_file id="fl-4">
         <path>.\</path>
         <kind>object</kind>
         <file>MS5803.obj</file>
         <name>MS5803.obj</name>
      </input_file>
      <input_file id="fl-5">
         <path>.\</path>
         <kind>object</kind>
         <file>glcdfont.obj</file>
         <name>glcdfont.obj</name>
      </input_file>
      <input_file id="fl-6">
         <path>.\</path>
         <kind>object</kind>
         <file>main.obj</file>
         <name>main.obj</name>
      </input_file>
      <input_file id="fl-3b">
         <path>C:\ti\ccsv6\tools\compiler\ti-cgt-msp430_4.4.5\lib\</path>
         <kind>archive</kind>
         <file>rts430x_lc_rd_eabi.lib</file>
         <name>copy_decompress_none.obj</name>
      </input_file>
      <input_file id="fl-3c">
         <path>C:\ti\ccsv6\tools\compiler\ti-cgt-msp430_4.4.5\lib\</path>
         <kind>archive</kind>
         <file>rts430x_lc_rd_eabi.lib</file>
         <name>copy_decompress_rle.obj</name>
      </input_file>
      <input_file id="fl-3d">
         <path>C:\ti\ccsv6\tools\compiler\ti-cgt-msp430_4.4.5\lib\</path>
         <kind>archive</kind>
         <file>rts430x_lc_rd_eabi.lib</file>
         <name>int31.obj</name>
      </input_file>
      <input_file id="fl-3e">
         <path>C:\ti\ccsv6\tools\compiler\ti-cgt-msp430_4.4.5\lib\</path>
         <kind>archive</kind>
         <file>rts430x_lc_rd_eabi.lib</file>
         <name>isr_trap.obj</name>
      </input_file>
      <input_file id="fl-3f">
         <path>C:\ti\ccsv6\tools\compiler\ti-cgt-msp430_4.4.5\lib\</path>
         <kind>archive</kind>
         <file>rts430x_lc_rd_eabi.lib</file>
         <name>int32.obj</name>
      </input_file>
      <input_file id="fl-40">
         <path>C:\ti\ccsv6\tools\compiler\ti-cgt-msp430_4.4.5\lib\</path>
         <kind>archive</kind>
         <file>rts430x_lc_rd_eabi.lib</file>
         <name>int33.obj</name>
      </input_file>
      <input_file id="fl-41">
         <path>C:\ti\ccsv6\tools\compiler\ti-cgt-msp430_4.4.5\lib\</path>
         <kind>archive</kind>
         <file>rts430x_lc_rd_eabi.lib</file>
         <name>int34.obj</name>
      </input_file>
      <input_file id="fl-42">
         <path>C:\ti\ccsv6\tools\compiler\ti-cgt-msp430_4.4.5\lib\</path>
         <kind>archive</kind>
         <file>rts430x_lc_rd_eabi.lib</file>
         <name>int35.obj</name>
      </input_file>
      <input_file id="fl-43">
         <path>C:\ti\ccsv6\tools\compiler\ti-cgt-msp430_4.4.5\lib\</path>
         <kind>archive</kind>
         <file>rts430x_lc_rd_eabi.lib</file>
         <name>int36.obj</name>
      </input_file>
      <input_file id="fl-44">
         <path>C:\ti\ccsv6\tools\compiler\ti-cgt-msp430_4.4.5\lib\</path>
         <kind>archive</kind>
         <file>rts430x_lc_rd_eabi.lib</file>
         <name>int37.obj</name>
      </input_file>
      <input_file id="fl-45">
         <path>C:\ti\ccsv6\tools\compiler\ti-cgt-msp430_4.4.5\lib\</path>
         <kind>archive</kind>
         <file>rts430x_lc_rd_eabi.lib</file>
         <name>int38.obj</name>
      </input_file>
      <input_file id="fl-46">
         <path>C:\ti\ccsv6\tools\compiler\ti-cgt-msp430_4.4.5\lib\</path>
         <kind>archive</kind>
         <file>rts430x_lc_rd_eabi.lib</file>
         <name>int41.obj</name>
      </input_file>
      <input_file id="fl-47">
         <path>C:\ti\ccsv6\tools\compiler\ti-cgt-msp430_4.4.5\lib\</path>
         <kind>archive</kind>
         <file>rts430x_lc_rd_eabi.lib</file>
         <name>int42.obj</name>
      </input_file>
      <input_file id="fl-48">
         <path>C:\ti\ccsv6\tools\compiler\ti-cgt-msp430_4.4.5\lib\</path>
         <kind>archive</kind>
         <file>rts430x_lc_rd_eabi.lib</file>
         <name>int43.obj</name>
      </input_file>
      <input_file id="fl-49">
         <path>C:\ti\ccsv6\tools\compiler\ti-cgt-msp430_4.4.5\lib\</path>
         <kind>archive</kind>
         <file>rts430x_lc_rd_eabi.lib</file>
         <name>int45.obj</name>
      </input_file>
      <input_file id="fl-4a">
         <path>C:\ti\ccsv6\tools\compiler\ti-cgt-msp430_4.4.5\lib\</path>
         <kind>archive</kind>
         <file>rts430x_lc_rd_eabi.lib</file>
         <name>int46.obj</name>
      </input_file>
      <input_file id="fl-4b">
         <path>C:\ti\ccsv6\tools\compiler\ti-cgt-msp430_4.4.5\lib\</path>
         <kind>archive</kind>
         <file>rts430x_lc_rd_eabi.lib</file>
         <name>int47.obj</name>
      </input_file>
      <input_file id="fl-4c">
         <path>C:\ti\ccsv6\tools\compiler\ti-cgt-msp430_4.4.5\lib\</path>
         <kind>archive</kind>
         <file>rts430x_lc_rd_eabi.lib</file>
         <name>int48.obj</name>
      </input_file>
      <input_file id="fl-4d">
         <path>C:\ti\ccsv6\tools\compiler\ti-cgt-msp430_4.4.5\lib\</path>
         <kind>archive</kind>
         <file>rts430x_lc_rd_eabi.lib</file>
         <name>int49.obj</name>
      </input_file>
      <input_file id="fl-4e">
         <path>C:\ti\ccsv6\tools\compiler\ti-cgt-msp430_4.4.5\lib\</path>
         <kind>archive</kind>
         <file>rts430x_lc_rd_eabi.lib</file>
         <name>int50.obj</name>
      </input_file>
      <input_file id="fl-4f">
         <path>C:\ti\ccsv6\tools\compiler\ti-cgt-msp430_4.4.5\lib\</path>
         <kind>archive</kind>
         <file>rts430x_lc_rd_eabi.lib</file>
         <name>int51.obj</name>
      </input_file>
      <input_file id="fl-50">
         <path>C:\ti\ccsv6\tools\compiler\ti-cgt-msp430_4.4.5\lib\</path>
         <kind>archive</kind>
         <file>rts430x_lc_rd_eabi.lib</file>
         <name>int52.obj</name>
      </input_file>
      <input_file id="fl-51">
         <path>C:\ti\ccsv6\tools\compiler\ti-cgt-msp430_4.4.5\lib\</path>
         <kind>archive</kind>
         <file>rts430x_lc_rd_eabi.lib</file>
         <name>int53.obj</name>
      </input_file>
      <input_file id="fl-52">
         <path>C:\ti\ccsv6\tools\compiler\ti-cgt-msp430_4.4.5\lib\</path>
         <kind>archive</kind>
         <file>rts430x_lc_rd_eabi.lib</file>
         <name>int54.obj</name>
      </input_file>
      <input_file id="fl-53">
         <path>C:\ti\ccsv6\tools\compiler\ti-cgt-msp430_4.4.5\lib\</path>
         <kind>archive</kind>
         <file>rts430x_lc_rd_eabi.lib</file>
         <name>copy_zero_init.obj</name>
      </input_file>
      <input_file id="fl-54">
         <path>C:\ti\ccsv6\tools\compiler\ti-cgt-msp430_4.4.5\lib\</path>
         <kind>archive</kind>
         <file>rts430x_lc_rd_eabi.lib</file>
         <name>div16s.obj</name>
      </input_file>
      <input_file id="fl-55">
         <path>C:\ti\ccsv6\tools\compiler\ti-cgt-msp430_4.4.5\lib\</path>
         <kind>archive</kind>
         <file>rts430x_lc_rd_eabi.lib</file>
         <name>div32s.obj</name>
      </input_file>
      <input_file id="fl-56">
         <path>C:\ti\ccsv6\tools\compiler\ti-cgt-msp430_4.4.5\lib\</path>
         <kind>archive</kind>
         <file>rts430x_lc_rd_eabi.lib</file>
         <name>div16u.obj</name>
      </input_file>
      <input_file id="fl-57">
         <path>C:\ti\ccsv6\tools\compiler\ti-cgt-msp430_4.4.5\lib\</path>
         <kind>archive</kind>
         <file>rts430x_lc_rd_eabi.lib</file>
         <name>div32u.obj</name>
      </input_file>
      <input_file id="fl-58">
         <path>C:\ti\ccsv6\tools\compiler\ti-cgt-msp430_4.4.5\lib\</path>
         <kind>archive</kind>
         <file>rts430x_lc_rd_eabi.lib</file>
         <name>div64u.obj</name>
      </input_file>
      <input_file id="fl-59">
         <path>C:\ti\ccsv6\tools\compiler\ti-cgt-msp430_4.4.5\lib\</path>
         <kind>archive</kind>
         <file>rts430x_lc_rd_eabi.lib</file>
         <name>mult16.obj</name>
      </input_file>
      <input_file id="fl-5a">
         <path>C:\ti\ccsv6\tools\compiler\ti-cgt-msp430_4.4.5\lib\</path>
         <kind>archive</kind>
         <file>rts430x_lc_rd_eabi.lib</file>
         <name>mult16_f5hw.obj</name>
      </input_file>
      <input_file id="fl-5b">
         <path>C:\ti\ccsv6\tools\compiler\ti-cgt-msp430_4.4.5\lib\</path>
         <kind>archive</kind>
         <file>rts430x_lc_rd_eabi.lib</file>
         <name>mult32.obj</name>
      </input_file>
      <input_file id="fl-5c">
         <path>C:\ti\ccsv6\tools\compiler\ti-cgt-msp430_4.4.5\lib\</path>
         <kind>archive</kind>
         <file>rts430x_lc_rd_eabi.lib</file>
         <name>mult32_f5hw.obj</name>
      </input_file>
      <input_file id="fl-5d">
         <path>C:\ti\ccsv6\tools\compiler\ti-cgt-msp430_4.4.5\lib\</path>
         <kind>archive</kind>
         <file>rts430x_lc_rd_eabi.lib</file>
         <name>mult64.obj</name>
      </input_file>
      <input_file id="fl-5e">
         <path>C:\ti\ccsv6\tools\compiler\ti-cgt-msp430_4.4.5\lib\</path>
         <kind>archive</kind>
         <file>rts430x_lc_rd_eabi.lib</file>
         <name>mult64_f5hw.obj</name>
      </input_file>
      <input_file id="fl-5f">
         <path>C:\ti\ccsv6\tools\compiler\ti-cgt-msp430_4.4.5\lib\</path>
         <kind>archive</kind>
         <file>rts430x_lc_rd_eabi.lib</file>
         <name>mult1632_f5hw.obj</name>
      </input_file>
      <input_file id="fl-60">
         <path>C:\ti\ccsv6\tools\compiler\ti-cgt-msp430_4.4.5\lib\</path>
         <kind>archive</kind>
         <file>rts430x_lc_rd_eabi.lib</file>
         <name>mult3264.obj</name>
      </input_file>
      <input_file id="fl-61">
         <path>C:\ti\ccsv6\tools\compiler\ti-cgt-msp430_4.4.5\lib\</path>
         <kind>archive</kind>
         <file>rts430x_lc_rd_eabi.lib</file>
         <name>mult3264_f5hw.obj</name>
      </input_file>
      <input_file id="fl-62">
         <path>C:\ti\ccsv6\tools\compiler\ti-cgt-msp430_4.4.5\lib\</path>
         <kind>archive</kind>
         <file>rts430x_lc_rd_eabi.lib</file>
         <name>mult1632.obj</name>
      </input_file>
      <input_file id="fl-63">
         <path>C:\ti\ccsv6\tools\compiler\ti-cgt-msp430_4.4.5\lib\</path>
         <kind>archive</kind>
         <file>rts430x_lc_rd_eabi.lib</file>
         <name>lsl16.obj</name>
      </input_file>
      <input_file id="fl-64">
         <path>C:\ti\ccsv6\tools\compiler\ti-cgt-msp430_4.4.5\lib\</path>
         <kind>archive</kind>
         <file>rts430x_lc_rd_eabi.lib</file>
         <name>lsl32.obj</name>
      </input_file>
      <input_file id="fl-65">
         <path>C:\ti\ccsv6\tools\compiler\ti-cgt-msp430_4.4.5\lib\</path>
         <kind>archive</kind>
         <file>rts430x_lc_rd_eabi.lib</file>
         <name>lsl64.obj</name>
      </input_file>
      <input_file id="fl-66">
         <path>C:\ti\ccsv6\tools\compiler\ti-cgt-msp430_4.4.5\lib\</path>
         <kind>archive</kind>
         <file>rts430x_lc_rd_eabi.lib</file>
         <name>lsr32.obj</name>
      </input_file>
      <input_file id="fl-67">
         <path>C:\ti\ccsv6\tools\compiler\ti-cgt-msp430_4.4.5\lib\</path>
         <kind>archive</kind>
         <file>rts430x_lc_rd_eabi.lib</file>
         <name>lsr64.obj</name>
      </input_file>
      <input_file id="fl-68">
         <path>C:\ti\ccsv6\tools\compiler\ti-cgt-msp430_4.4.5\lib\</path>
         <kind>archive</kind>
         <file>rts430x_lc_rd_eabi.lib</file>
         <name>boot.obj</name>
      </input_file>
      <input_file id="fl-69">
         <path>C:\ti\ccsv6\tools\compiler\ti-cgt-msp430_4.4.5\lib\</path>
         <kind>archive</kind>
         <file>rts430x_lc_rd_eabi.lib</file>
         <name>args_main.obj</name>
      </input_file>
      <input_file id="fl-6a">
         <path>C:\ti\ccsv6\tools\compiler\ti-cgt-msp430_4.4.5\lib\</path>
         <kind>archive</kind>
         <file>rts430x_lc_rd_eabi.lib</file>
         <name>autoinit_wdt.obj</name>
      </input_file>
      <input_file id="fl-6b">
         <path>C:\ti\ccsv6\tools\compiler\ti-cgt-msp430_4.4.5\lib\</path>
         <kind>archive</kind>
         <file>rts430x_lc_rd_eabi.lib</file>
         <name>boot_special.obj</name>
      </input_file>
      <input_file id="fl-6c">
         <path>C:\ti\ccsv6\tools\compiler\ti-cgt-msp430_4.4.5\lib\</path>
         <kind>archive</kind>
         <file>rts430x_lc_rd_eabi.lib</file>
         <name>mpu_init.obj</name>
      </input_file>
      <input_file id="fl-6d">
         <path>C:\ti\ccsv6\tools\compiler\ti-cgt-msp430_4.4.5\lib\</path>
         <kind>archive</kind>
         <file>rts430x_lc_rd_eabi.lib</file>
         <name>pre_init.obj</name>
      </input_file>
      <input_file id="fl-6e">
         <path>C:\ti\ccsv6\tools\compiler\ti-cgt-msp430_4.4.5\lib\</path>
         <kind>archive</kind>
         <file>rts430x_lc_rd_eabi.lib</file>
         <name>exit.obj</name>
      </input_file>
      <input_file id="fl-6f">
         <path>C:\ti\ccsv6\tools\compiler\ti-cgt-msp430_4.4.5\lib\</path>
         <kind>archive</kind>
         <file>rts430x_lc_rd_eabi.lib</file>
         <name>exit_gvars.obj</name>
      </input_file>
      <input_file id="fl-70">
         <path>C:\ti\ccsv6\tools\compiler\ti-cgt-msp430_4.4.5\lib\</path>
         <kind>archive</kind>
         <file>rts430x_lc_rd_eabi.lib</file>
         <name>_lock.obj</name>
      </input_file>
      <input_file id="fl-71">
         <path>C:\ti\ccsv6\tools\compiler\ti-cgt-msp430_4.4.5\lib\</path>
         <kind>archive</kind>
         <file>rts430x_lc_rd_eabi.lib</file>
         <name>abs.obj</name>
      </input_file>
      <input_file id="fl-72">
         <path>C:\ti\ccsv6\tools\compiler\ti-cgt-msp430_4.4.5\lib\</path>
         <kind>archive</kind>
         <file>rts430x_lc_rd_eabi.lib</file>
         <name>memcpy.obj</name>
      </input_file>
      <input_file id="fl-73">
         <path>C:\ti\ccsv6\tools\compiler\ti-cgt-msp430_4.4.5\lib\</path>
         <kind>archive</kind>
         <file>rts430x_lc_rd_eabi.lib</file>
         <name>strlen.obj</name>
      </input_file>
   </input_file_list>
   <object_component_list>
      <object_component id="oc-47c">
         <name>__TI_handler_table</name>
         <load_address>0x4e5e</load_address>
         <run_address>0x4e5e</run_address>
         <size>0xc</size>
      </object_component>
      <object_component id="oc-47f">
         <name>.cinit..data.load</name>
         <load_address>0x4e6a</load_address>
         <run_address>0x4e6a</run_address>
         <size>0x9</size>
      </object_component>
      <object_component id="oc-47e">
         <name>.cinit..bss.load</name>
         <load_address>0x4e74</load_address>
         <run_address>0x4e74</run_address>
         <size>0x6</size>
      </object_component>
      <object_component id="oc-47d">
         <name>__TI_cinit_table</name>
         <load_address>0x4e7a</load_address>
         <run_address>0x4e7a</run_address>
         <size>0x10</size>
      </object_component>
      <object_component id="oc-db">
         <name>.init_array</name>
         <load_address>0x456c</load_address>
         <run_address>0x456c</run_address>
         <size>0x4</size>
         <input_file_ref idref="fl-6"/>
      </object_component>
      <object_component id="oc-397">
         <name>.const:.string:font</name>
         <load_address>0x4570</load_address>
         <run_address>0x4570</run_address>
         <size>0x4fb</size>
         <input_file_ref idref="fl-2"/>
      </object_component>
      <object_component id="oc-27e">
         <name>.const:.string</name>
         <load_address>0x4a6c</load_address>
         <run_address>0x4a6c</run_address>
         <size>0x1a0</size>
         <input_file_ref idref="fl-6"/>
      </object_component>
      <object_component id="oc-3f3">
         <name>.const:big_font</name>
         <load_address>0x4c0c</load_address>
         <run_address>0x4c0c</run_address>
         <size>0x140</size>
         <input_file_ref idref="fl-2"/>
      </object_component>
      <object_component id="oc-38d">
         <name>.const:atan_values</name>
         <load_address>0x4d4c</load_address>
         <run_address>0x4d4c</run_address>
         <size>0xb6</size>
         <input_file_ref idref="fl-6"/>
      </object_component>
      <object_component id="oc-391">
         <name>.const:.string:sin_values</name>
         <load_address>0x4e02</load_address>
         <run_address>0x4e02</run_address>
         <size>0x5b</size>
         <input_file_ref idref="fl-6"/>
      </object_component>
      <object_component id="oc-ff">
         <name>.text:_isr:_Z9PORT1_ISRv</name>
         <load_address>0x4400</load_address>
         <run_address>0x4400</run_address>
         <size>0xe8</size>
         <input_file_ref idref="fl-6"/>
      </object_component>
      <object_component id="oc-105">
         <name>.text:_isr:_Z10TIMER1_ISRv</name>
         <load_address>0x44e8</load_address>
         <run_address>0x44e8</run_address>
         <size>0x56</size>
         <input_file_ref idref="fl-6"/>
      </object_component>
      <object_component id="oc-b7">
         <name>.text:_isr:_c_int00_noargs_noexit</name>
         <load_address>0x453e</load_address>
         <run_address>0x453e</run_address>
         <size>0x1a</size>
         <input_file_ref idref="fl-6b"/>
      </object_component>
      <object_component id="oc-10b">
         <name>.text:_isr:_Z10TIMER0_ISRv</name>
         <load_address>0x4558</load_address>
         <run_address>0x4558</run_address>
         <size>0xe</size>
         <input_file_ref idref="fl-6"/>
      </object_component>
      <object_component id="oc-fa">
         <name>.text:_isr:__TI_ISR_TRAP</name>
         <load_address>0x4566</load_address>
         <run_address>0x4566</run_address>
         <size>0x6</size>
         <input_file_ref idref="fl-3e"/>
      </object_component>
      <object_component id="oc-18a">
         <name>.text:_Z11show_screenv</name>
         <load_address>0x10000</load_address>
         <run_address>0x10000</run_address>
         <size>0xe9e</size>
         <input_file_ref idref="fl-6"/>
      </object_component>
      <object_component id="oc-23a">
         <name>.text:__mspabi_divull</name>
         <load_address>0x10e9e</load_address>
         <run_address>0x10e9e</run_address>
         <size>0x39a</size>
         <input_file_ref idref="fl-58"/>
      </object_component>
      <object_component id="oc-1c7">
         <name>.text:_Z9calibratev</name>
         <load_address>0x11238</load_address>
         <run_address>0x11238</run_address>
         <size>0x358</size>
         <input_file_ref idref="fl-6"/>
      </object_component>
      <object_component id="oc-25d">
         <name>.text:_Z5spliti</name>
         <load_address>0x11590</load_address>
         <run_address>0x11590</run_address>
         <size>0x2d6</size>
         <input_file_ref idref="fl-6"/>
      </object_component>
      <object_component id="oc-17c">
         <name>.text:_ZN6MS580310readSensorEv</name>
         <load_address>0x11866</load_address>
         <run_address>0x11866</run_address>
         <size>0x21e</size>
         <input_file_ref idref="fl-4"/>
      </object_component>
      <object_component id="oc-2cc">
         <name>.text:_ZN16Adafruit_SSD130612fillTriangleEiiiiiij</name>
         <load_address>0x11a84</load_address>
         <run_address>0x11a84</run_address>
         <size>0x1c2</size>
         <input_file_ref idref="fl-2"/>
      </object_component>
      <object_component id="oc-1c1">
         <name>.text:_Z4initv</name>
         <load_address>0x11c46</load_address>
         <run_address>0x11c46</run_address>
         <size>0x1b6</size>
         <input_file_ref idref="fl-6"/>
      </object_component>
      <object_component id="oc-304">
         <name>.text:_ZN16Adafruit_SSD13065beginEhh</name>
         <load_address>0x11dfc</load_address>
         <run_address>0x11dfc</run_address>
         <size>0x166</size>
         <input_file_ref idref="fl-2"/>
      </object_component>
      <object_component id="oc-2c6">
         <name>.text:_ZN16Adafruit_SSD13068drawCharEiihjjh</name>
         <load_address>0x11f62</load_address>
         <run_address>0x11f62</run_address>
         <size>0x132</size>
         <input_file_ref idref="fl-2"/>
      </object_component>
      <object_component id="oc-212">
         <name>.text:_ZN6MS580312ms5803CmdAdcEh</name>
         <load_address>0x12094</load_address>
         <run_address>0x12094</run_address>
         <size>0x124</size>
         <input_file_ref idref="fl-4"/>
      </object_component>
      <object_component id="oc-2c0">
         <name>.text:_ZN16Adafruit_SSD130610drawCircleEiiij</name>
         <load_address>0x121b8</load_address>
         <run_address>0x121b8</run_address>
         <size>0x10e</size>
         <input_file_ref idref="fl-2"/>
      </object_component>
      <object_component id="oc-315">
         <name>.text:_ZN6MS580314adjustAltitudeEl</name>
         <load_address>0x122c6</load_address>
         <run_address>0x122c6</run_address>
         <size>0x106</size>
         <input_file_ref idref="fl-4"/>
      </object_component>
      <object_component id="oc-278">
         <name>.text:_ZN16Adafruit_SSD13068writeBigEPc</name>
         <load_address>0x123cc</load_address>
         <run_address>0x123cc</run_address>
         <size>0xf4</size>
         <input_file_ref idref="fl-2"/>
      </object_component>
      <object_component id="oc-328">
         <name>.text:_Z13compass_resetv</name>
         <load_address>0x124c0</load_address>
         <run_address>0x124c0</run_address>
         <size>0xea</size>
         <input_file_ref idref="fl-6"/>
      </object_component>
      <object_component id="oc-365">
         <name>.text:_ZN16Adafruit_SSD13069drawPixelEiij</name>
         <load_address>0x125aa</load_address>
         <run_address>0x125aa</run_address>
         <size>0xca</size>
         <input_file_ref idref="fl-2"/>
      </object_component>
      <object_component id="oc-263">
         <name>.text:_ZN16Adafruit_SSD13068drawLineEiiiij</name>
         <load_address>0x12674</load_address>
         <run_address>0x12674</run_address>
         <size>0xb8</size>
         <input_file_ref idref="fl-2"/>
      </object_component>
      <object_component id="oc-370">
         <name>.text:_ZN16Adafruit_SSD130611drawBigCharEiihjj</name>
         <load_address>0x1272c</load_address>
         <run_address>0x1272c</run_address>
         <size>0xb4</size>
         <input_file_ref idref="fl-2"/>
      </object_component>
      <object_component id="oc-27f">
         <name>.text:_ZN16Adafruit_SSD13065writeEPc</name>
         <load_address>0x127e0</load_address>
         <run_address>0x127e0</run_address>
         <size>0xb4</size>
         <input_file_ref idref="fl-2"/>
      </object_component>
      <object_component id="oc-19f">
         <name>.text:_Z11read_sensorv</name>
         <load_address>0x12894</load_address>
         <run_address>0x12894</run_address>
         <size>0x94</size>
         <input_file_ref idref="fl-6"/>
      </object_component>
      <object_component id="oc-3ba">
         <name>.text:_ZN6MS580321ms5803ReadCoefficientEh</name>
         <load_address>0x12928</load_address>
         <run_address>0x12928</run_address>
         <size>0x78</size>
         <input_file_ref idref="fl-4"/>
      </object_component>
      <object_component id="oc-2d2">
         <name>.text:_ZN16Adafruit_SSD13067displayEv</name>
         <load_address>0x129a0</load_address>
         <run_address>0x129a0</run_address>
         <size>0x72</size>
         <input_file_ref idref="fl-2"/>
      </object_component>
      <object_component id="oc-3c0">
         <name>.text:_ZN6MS580310ms5803CRC4EPj</name>
         <load_address>0x12a12</load_address>
         <run_address>0x12a12</run_address>
         <size>0x6e</size>
         <input_file_ref idref="fl-4"/>
      </object_component>
      <object_component id="oc-11e">
         <name>.text:_auto_init_hold_wdt</name>
         <load_address>0x12a80</load_address>
         <run_address>0x12a80</run_address>
         <size>0x6c</size>
         <input_file_ref idref="fl-6a"/>
      </object_component>
      <object_component id="oc-ed">
         <name>.text:__TI_decompress_rle_core</name>
         <load_address>0x12aec</load_address>
         <run_address>0x12aec</run_address>
         <size>0x68</size>
         <input_file_ref idref="fl-3c"/>
      </object_component>
      <object_component id="oc-385">
         <name>.text:_ZN10FXOS8700CQ8readRegsEhhPh</name>
         <load_address>0x12b54</load_address>
         <run_address>0x12b54</run_address>
         <size>0x64</size>
         <input_file_ref idref="fl-3"/>
      </object_component>
      <object_component id="oc-2b3">
         <name>.text:_Z3sini</name>
         <load_address>0x12bb8</load_address>
         <run_address>0x12bb8</run_address>
         <size>0x60</size>
         <input_file_ref idref="fl-6"/>
      </object_component>
      <object_component id="oc-235">
         <name>.text:__mpyll</name>
         <load_address>0x12c18</load_address>
         <run_address>0x12c18</run_address>
         <size>0x5a</size>
         <input_file_ref idref="fl-5e"/>
      </object_component>
      <object_component id="oc-358">
         <name>.text</name>
         <load_address>0x12c72</load_address>
         <run_address>0x12c72</run_address>
         <size>0x58</size>
         <input_file_ref idref="fl-57"/>
      </object_component>
      <object_component id="oc-29b">
         <name>.text:_ZN10FXOS8700CQ13readAccelDataEv</name>
         <load_address>0x12cca</load_address>
         <run_address>0x12cca</run_address>
         <size>0x56</size>
         <input_file_ref idref="fl-3"/>
      </object_component>
      <object_component id="oc-2a1">
         <name>.text:_ZN10FXOS8700CQ11readMagDataEv</name>
         <load_address>0x12d20</load_address>
         <run_address>0x12d20</run_address>
         <size>0x52</size>
         <input_file_ref idref="fl-3"/>
      </object_component>
      <object_component id="oc-321">
         <name>.text:_ZN10FXOS8700CQ4initEv</name>
         <load_address>0x12d72</load_address>
         <run_address>0x12d72</run_address>
         <size>0x52</size>
         <input_file_ref idref="fl-3"/>
      </object_component>
      <object_component id="oc-201">
         <name>.text:_ZN10FXOS8700CQ7readRegEh</name>
         <load_address>0x12dc4</load_address>
         <run_address>0x12dc4</run_address>
         <size>0x50</size>
         <input_file_ref idref="fl-3"/>
      </object_component>
      <object_component id="oc-2ad">
         <name>.text:_Z4atanl</name>
         <load_address>0x12e14</load_address>
         <run_address>0x12e14</run_address>
         <size>0x4c</size>
         <input_file_ref idref="fl-6"/>
      </object_component>
      <object_component id="oc-31b">
         <name>.text:_ZN6MS580316initializeSensorEv</name>
         <load_address>0x12e60</load_address>
         <run_address>0x12e60</run_address>
         <size>0x40</size>
         <input_file_ref idref="fl-4"/>
      </object_component>
      <object_component id="oc-245">
         <name>.text</name>
         <load_address>0x12ea0</load_address>
         <run_address>0x12ea0</run_address>
         <size>0x40</size>
         <input_file_ref idref="fl-55"/>
      </object_component>
      <object_component id="oc-21f">
         <name>.text:l_lsl_const</name>
         <load_address>0x12ee0</load_address>
         <run_address>0x12ee0</run_address>
         <size>0x3e</size>
         <input_file_ref idref="fl-64"/>
      </object_component>
      <object_component id="oc-224">
         <name>.text:__mspabi_sllll</name>
         <load_address>0x12f1e</load_address>
         <run_address>0x12f1e</run_address>
         <size>0x3a</size>
         <input_file_ref idref="fl-65"/>
      </object_component>
      <object_component id="oc-22f">
         <name>.text:__mspabi_srlll</name>
         <load_address>0x12f58</load_address>
         <run_address>0x12f58</run_address>
         <size>0x3a</size>
         <input_file_ref idref="fl-67"/>
      </object_component>
      <object_component id="oc-2d9">
         <name>.text:_ZN16Adafruit_SSD130615ssd1306_commandEh</name>
         <load_address>0x12f92</load_address>
         <run_address>0x12f92</run_address>
         <size>0x38</size>
         <input_file_ref idref="fl-2"/>
      </object_component>
      <object_component id="oc-39a">
         <name>.text:_ZN16Adafruit_SSD13068fillRectEiiiij</name>
         <load_address>0x12fca</load_address>
         <run_address>0x12fca</run_address>
         <size>0x38</size>
         <input_file_ref idref="fl-2"/>
      </object_component>
      <object_component id="oc-20b">
         <name>.text:_ZN10FXOS8700CQ8writeRegEhh</name>
         <load_address>0x13002</load_address>
         <run_address>0x13002</run_address>
         <size>0x36</size>
         <input_file_ref idref="fl-3"/>
      </object_component>
      <object_component id="oc-1cf">
         <name>.text:_ZN16Adafruit_SSD1306C1Eii</name>
         <load_address>0x13038</load_address>
         <run_address>0x13038</run_address>
         <size>0x36</size>
         <input_file_ref idref="fl-2"/>
      </object_component>
      <object_component id="oc-3b4">
         <name>.text:_ZN6MS580311resetSensorEv</name>
         <load_address>0x1306e</load_address>
         <run_address>0x1306e</run_address>
         <size>0x36</size>
         <input_file_ref idref="fl-4"/>
      </object_component>
      <object_component id="oc-2b9">
         <name>.text:_Z3cosi</name>
         <load_address>0x130a4</load_address>
         <run_address>0x130a4</run_address>
         <size>0x34</size>
         <input_file_ref idref="fl-6"/>
      </object_component>
      <object_component id="oc-257">
         <name>.text</name>
         <load_address>0x130d8</load_address>
         <run_address>0x130d8</run_address>
         <size>0x2c</size>
         <input_file_ref idref="fl-54"/>
      </object_component>
      <object_component id="oc-22a">
         <name>.text:__mpysll</name>
         <load_address>0x13104</load_address>
         <run_address>0x13104</run_address>
         <size>0x2a</size>
         <input_file_ref idref="fl-61"/>
      </object_component>
      <object_component id="oc-14c">
         <name>.text:__sti___8_main_cpp_display</name>
         <load_address>0x1312e</load_address>
         <run_address>0x1312e</run_address>
         <size>0x26</size>
         <input_file_ref idref="fl-6"/>
      </object_component>
      <object_component id="oc-99">
         <name>.text:decompress:ZI:__TI_zero_init</name>
         <load_address>0x13154</load_address>
         <run_address>0x13154</run_address>
         <size>0x24</size>
         <input_file_ref idref="fl-53"/>
      </object_component>
      <object_component id="oc-240">
         <name>.text</name>
         <load_address>0x13178</load_address>
         <run_address>0x13178</run_address>
         <size>0x22</size>
         <input_file_ref idref="fl-5c"/>
      </object_component>
      <object_component id="oc-3c8">
         <name>.text:_ZN10FXOS8700CQ12reset_offsetEv</name>
         <load_address>0x1319a</load_address>
         <run_address>0x1319a</run_address>
         <size>0x20</size>
         <input_file_ref idref="fl-3"/>
      </object_component>
      <object_component id="oc-175">
         <name>.text:_ZN10FXOS8700CQ6activeEv</name>
         <load_address>0x131ba</load_address>
         <run_address>0x131ba</run_address>
         <size>0x20</size>
         <input_file_ref idref="fl-3"/>
      </object_component>
      <object_component id="oc-197">
         <name>.text:_ZN10FXOS8700CQ7standbyEv</name>
         <load_address>0x131da</load_address>
         <run_address>0x131da</run_address>
         <size>0x20</size>
         <input_file_ref idref="fl-3"/>
      </object_component>
      <object_component id="oc-400">
         <name>.text:_ZN16Adafruit_SSD130613drawFastVLineEiiij</name>
         <load_address>0x131fa</load_address>
         <run_address>0x131fa</run_address>
         <size>0x20</size>
         <input_file_ref idref="fl-2"/>
      </object_component>
      <object_component id="oc-138">
         <name>.text:main</name>
         <load_address>0x1321a</load_address>
         <run_address>0x1321a</run_address>
         <size>0x20</size>
         <input_file_ref idref="fl-6"/>
      </object_component>
      <object_component id="oc-3a1">
         <name>.text:_ZN16Adafruit_SSD130613drawFastHLineEiiij</name>
         <load_address>0x1323a</load_address>
         <run_address>0x1323a</run_address>
         <size>0x1e</size>
         <input_file_ref idref="fl-2"/>
      </object_component>
      <object_component id="oc-191">
         <name>.text:_ZN16Adafruit_SSD13065sleepEh</name>
         <load_address>0x13258</load_address>
         <run_address>0x13258</run_address>
         <size>0x18</size>
         <input_file_ref idref="fl-2"/>
      </object_component>
      <object_component id="oc-1db">
         <name>.text:_ZN10FXOS8700CQC1Eh</name>
         <load_address>0x13270</load_address>
         <run_address>0x13270</run_address>
         <size>0x16</size>
         <input_file_ref idref="fl-3"/>
      </object_component>
      <object_component id="oc-24b">
         <name>.text:_ZN16Adafruit_SSD130612clearDisplayEv</name>
         <load_address>0x13286</load_address>
         <run_address>0x13286</run_address>
         <size>0x16</size>
         <input_file_ref idref="fl-2"/>
      </object_component>
      <object_component id="oc-251">
         <name>.text</name>
         <load_address>0x1329c</load_address>
         <run_address>0x1329c</run_address>
         <size>0x16</size>
         <input_file_ref idref="fl-56"/>
      </object_component>
      <object_component id="oc-293">
         <name>.text</name>
         <load_address>0x132b2</load_address>
         <run_address>0x132b2</run_address>
         <size>0x16</size>
         <input_file_ref idref="fl-5a"/>
      </object_component>
      <object_component id="oc-e0">
         <name>.text:memcpy</name>
         <load_address>0x132c8</load_address>
         <run_address>0x132c8</run_address>
         <size>0x14</size>
         <input_file_ref idref="fl-72"/>
      </object_component>
      <object_component id="oc-75">
         <name>.text:decompress:none:__TI_decompress_none</name>
         <load_address>0x132dc</load_address>
         <run_address>0x132dc</run_address>
         <size>0x12</size>
         <input_file_ref idref="fl-3b"/>
      </object_component>
      <object_component id="oc-350">
         <name>.text:l_lsr</name>
         <load_address>0x132ee</load_address>
         <run_address>0x132ee</run_address>
         <size>0x10</size>
         <input_file_ref idref="fl-66"/>
      </object_component>
      <object_component id="oc-376">
         <name>.text:strlen</name>
         <load_address>0x132fe</load_address>
         <run_address>0x132fe</run_address>
         <size>0xe</size>
         <input_file_ref idref="fl-73"/>
      </object_component>
      <object_component id="oc-269">
         <name>.text:_ZN16Adafruit_SSD130611setTextSizeEh</name>
         <load_address>0x1330c</load_address>
         <run_address>0x1330c</run_address>
         <size>0xc</size>
         <input_file_ref idref="fl-2"/>
      </object_component>
      <object_component id="oc-30a">
         <name>.text:_ZN16Adafruit_SSD130612setTextColorEj</name>
         <load_address>0x13318</load_address>
         <run_address>0x13318</run_address>
         <size>0xc</size>
         <input_file_ref idref="fl-2"/>
      </object_component>
      <object_component id="oc-26f">
         <name>.text:_ZN16Adafruit_SSD13069setCursorEii</name>
         <load_address>0x13324</load_address>
         <run_address>0x13324</run_address>
         <size>0xa</size>
         <input_file_ref idref="fl-2"/>
      </object_component>
      <object_component id="oc-1d5">
         <name>.text:_ZN6MS5803C1Ev</name>
         <load_address>0x1332e</load_address>
         <run_address>0x1332e</run_address>
         <size>0xa</size>
         <input_file_ref idref="fl-4"/>
      </object_component>
      <object_component id="oc-32e">
         <name>.text:abs</name>
         <load_address>0x13338</load_address>
         <run_address>0x13338</run_address>
         <size>0xa</size>
         <input_file_ref idref="fl-71"/>
      </object_component>
      <object_component id="oc-3ed">
         <name>.text</name>
         <load_address>0x13342</load_address>
         <run_address>0x13342</run_address>
         <size>0xa</size>
         <input_file_ref idref="fl-63"/>
      </object_component>
      <object_component id="oc-3e7">
         <name>.text:_ZN16Adafruit_SSD130611getRotationEv</name>
         <load_address>0x1334c</load_address>
         <run_address>0x1334c</run_address>
         <size>0x6</size>
         <input_file_ref idref="fl-2"/>
      </object_component>
      <object_component id="oc-3db">
         <name>.text:_ZN16Adafruit_SSD13065widthEv</name>
         <load_address>0x13352</load_address>
         <run_address>0x13352</run_address>
         <size>0x6</size>
         <input_file_ref idref="fl-2"/>
      </object_component>
      <object_component id="oc-3e1">
         <name>.text:_ZN16Adafruit_SSD13066heightEv</name>
         <load_address>0x13358</load_address>
         <run_address>0x13358</run_address>
         <size>0x6</size>
         <input_file_ref idref="fl-2"/>
      </object_component>
      <object_component id="oc-7b">
         <name>.text:decompress:rle24:__TI_decompress_rle24</name>
         <load_address>0x1335e</load_address>
         <run_address>0x1335e</run_address>
         <size>0x6</size>
         <input_file_ref idref="fl-3c"/>
      </object_component>
      <object_component id="oc-118">
         <name>.text:_system_pre_init</name>
         <load_address>0x13364</load_address>
         <run_address>0x13364</run_address>
         <size>0x4</size>
         <input_file_ref idref="fl-6d"/>
      </object_component>
      <object_component id="oc-140">
         <name>.text:abort</name>
         <load_address>0x13368</load_address>
         <run_address>0x13368</run_address>
         <size>0x4</size>
         <input_file_ref idref="fl-6e"/>
      </object_component>
      <object_component id="oc-172">
         <name>.bss</name>
         <uninitialized>true</uninitialized>
         <run_address>0x1c00</run_address>
         <size>0x32</size>
         <input_file_ref idref="fl-6"/>
      </object_component>
      <object_component id="oc-207">
         <name>.common:c</name>
         <uninitialized>true</uninitialized>
         <run_address>0x1c7a</run_address>
         <size>0x1</size>
      </object_component>
      <object_component id="oc-21b">
         <name>.common:sensorCoefficients</name>
         <uninitialized>true</uninitialized>
         <run_address>0x1c32</run_address>
         <size>0x10</size>
      </object_component>
      <object_component id="oc-285">
         <name>.common:i</name>
         <uninitialized>true</uninitialized>
         <run_address>0x1c56</run_address>
         <size>0x2</size>
      </object_component>
      <object_component id="oc-182">
         <name>.common:temperature</name>
         <uninitialized>true</uninitialized>
         <run_address>0x1c68</run_address>
         <size>0x2</size>
      </object_component>
      <object_component id="oc-183">
         <name>.common:pressure</name>
         <uninitialized>true</uninitialized>
         <run_address>0x1c60</run_address>
         <size>0x2</size>
      </object_component>
      <object_component id="oc-286">
         <name>.common:temp_min</name>
         <uninitialized>true</uninitialized>
         <run_address>0x1c66</run_address>
         <size>0x2</size>
      </object_component>
      <object_component id="oc-287">
         <name>.common:temp_max</name>
         <uninitialized>true</uninitialized>
         <run_address>0x1c64</run_address>
         <size>0x2</size>
      </object_component>
      <object_component id="oc-288">
         <name>.common:pres_min</name>
         <uninitialized>true</uninitialized>
         <run_address>0x1c5e</run_address>
         <size>0x2</size>
      </object_component>
      <object_component id="oc-289">
         <name>.common:pres_max</name>
         <uninitialized>true</uninitialized>
         <run_address>0x1c5c</run_address>
         <size>0x2</size>
      </object_component>
      <object_component id="oc-29a">
         <name>.common:altitude</name>
         <uninitialized>true</uninitialized>
         <run_address>0x1c46</run_address>
         <size>0x4</size>
      </object_component>
      <object_component id="oc-25c">
         <name>.common:temp</name>
         <uninitialized>true</uninitialized>
         <run_address>0x1c62</run_address>
         <size>0x2</size>
      </object_component>
      <object_component id="oc-256">
         <name>.common:pres</name>
         <uninitialized>true</uninitialized>
         <run_address>0x1c5a</run_address>
         <size>0x2</size>
      </object_component>
      <object_component id="oc-170">
         <name>.common:units</name>
         <uninitialized>true</uninitialized>
         <run_address>0x1c80</run_address>
         <size>0x1</size>
      </object_component>
      <object_component id="oc-16f">
         <name>.common:screen</name>
         <uninitialized>true</uninitialized>
         <run_address>0x1c7e</run_address>
         <size>0x1</size>
      </object_component>
      <object_component id="oc-311">
         <name>.common:x_offset</name>
         <uninitialized>true</uninitialized>
         <run_address>0x1c70</run_address>
         <size>0x2</size>
      </object_component>
      <object_component id="oc-312">
         <name>.common:y_offset</name>
         <uninitialized>true</uninitialized>
         <run_address>0x1c74</run_address>
         <size>0x2</size>
      </object_component>
      <object_component id="oc-313">
         <name>.common:z_offset</name>
         <uninitialized>true</uninitialized>
         <run_address>0x1c78</run_address>
         <size>0x2</size>
      </object_component>
      <object_component id="oc-314">
         <name>.common:ref_pressure</name>
         <uninitialized>true</uninitialized>
         <run_address>0x1c4a</run_address>
         <size>0x4</size>
      </object_component>
      <object_component id="oc-298">
         <name>.common:voltage</name>
         <uninitialized>true</uninitialized>
         <run_address>0x1c6c</run_address>
         <size>0x2</size>
      </object_component>
      <object_component id="oc-190">
         <name>.common:measured</name>
         <uninitialized>true</uninitialized>
         <run_address>0x1c7d</run_address>
         <size>0x1</size>
      </object_component>
      <object_component id="oc-299">
         <name>.common:line_lenght</name>
         <uninitialized>true</uninitialized>
         <run_address>0x1c58</run_address>
         <size>0x2</size>
      </object_component>
      <object_component id="oc-2bf">
         <name>.common:direction</name>
         <uninitialized>true</uninitialized>
         <run_address>0x1c54</run_address>
         <size>0x2</size>
      </object_component>
      <object_component id="oc-16b">
         <name>.common:calibration</name>
         <uninitialized>true</uninitialized>
         <run_address>0x1c7c</run_address>
         <size>0x1</size>
      </object_component>
      <object_component id="oc-19d">
         <name>.common:cal_pause</name>
         <uninitialized>true</uninitialized>
         <run_address>0x1c7b</run_address>
         <size>0x1</size>
      </object_component>
      <object_component id="oc-17b">
         <name>.common:skip</name>
         <uninitialized>true</uninitialized>
         <run_address>0x1c7f</run_address>
         <size>0x1</size>
      </object_component>
      <object_component id="oc-171">
         <name>.common:tick</name>
         <uninitialized>true</uninitialized>
         <run_address>0x1c6a</run_address>
         <size>0x2</size>
      </object_component>
      <object_component id="oc-2a7">
         <name>.common:x</name>
         <uninitialized>true</uninitialized>
         <run_address>0x1c6e</run_address>
         <size>0x2</size>
      </object_component>
      <object_component id="oc-2a8">
         <name>.common:y</name>
         <uninitialized>true</uninitialized>
         <run_address>0x1c72</run_address>
         <size>0x2</size>
      </object_component>
      <object_component id="oc-2a9">
         <name>.common:z</name>
         <uninitialized>true</uninitialized>
         <run_address>0x1c76</run_address>
         <size>0x2</size>
      </object_component>
      <object_component id="oc-2aa">
         <name>.common:ax</name>
         <uninitialized>true</uninitialized>
         <run_address>0x1c4e</run_address>
         <size>0x2</size>
      </object_component>
      <object_component id="oc-2ab">
         <name>.common:ay</name>
         <uninitialized>true</uninitialized>
         <run_address>0x1c50</run_address>
         <size>0x2</size>
      </object_component>
      <object_component id="oc-2ac">
         <name>.common:az</name>
         <uninitialized>true</uninitialized>
         <run_address>0x1c52</run_address>
         <size>0x2</size>
      </object_component>
      <object_component id="oc-310">
         <name>.common:FRAM_write_ptr</name>
         <uninitialized>true</uninitialized>
         <run_address>0x1c42</run_address>
         <size>0x4</size>
      </object_component>
      <object_component id="oc-218">
         <name>.data</name>
         <load_address>0x1c82</load_address>
         <run_address>0x1c82</run_address>
         <size>0x1c</size>
         <input_file_ref idref="fl-4"/>
      </object_component>
      <object_component id="oc-275">
         <name>.data:str</name>
         <load_address>0x1c9e</load_address>
         <run_address>0x1c9e</run_address>
         <size>0x7</size>
         <input_file_ref idref="fl-6"/>
      </object_component>
      <object_component id="oc-dc">
         <name>.stack</name>
         <uninitialized>true</uninitialized>
         <run_address>0x2360</run_address>
         <size>0x4</size>
         <input_file_ref idref="fl-68"/>
      </object_component>
      <object_component id="oc-480">
         <name>.stack</name>
         <uninitialized>true</uninitialized>
         <run_address>0x2360</run_address>
         <size>0x0</size>
      </object_component>
      <object_component id="oc-81">
         <name>.int31</name>
         <load_address>0xffce</load_address>
         <run_address>0xffce</run_address>
         <size>0x2</size>
         <input_file_ref idref="fl-3d"/>
      </object_component>
      <object_component id="oc-82">
         <name>.int32</name>
         <load_address>0xffd0</load_address>
         <run_address>0xffd0</run_address>
         <size>0x2</size>
         <input_file_ref idref="fl-3f"/>
      </object_component>
      <object_component id="oc-83">
         <name>.int33</name>
         <load_address>0xffd2</load_address>
         <run_address>0xffd2</run_address>
         <size>0x2</size>
         <input_file_ref idref="fl-40"/>
      </object_component>
      <object_component id="oc-84">
         <name>.int34</name>
         <load_address>0xffd4</load_address>
         <run_address>0xffd4</run_address>
         <size>0x2</size>
         <input_file_ref idref="fl-41"/>
      </object_component>
      <object_component id="oc-85">
         <name>.int35</name>
         <load_address>0xffd6</load_address>
         <run_address>0xffd6</run_address>
         <size>0x2</size>
         <input_file_ref idref="fl-42"/>
      </object_component>
      <object_component id="oc-86">
         <name>.int36</name>
         <load_address>0xffd8</load_address>
         <run_address>0xffd8</run_address>
         <size>0x2</size>
         <input_file_ref idref="fl-43"/>
      </object_component>
      <object_component id="oc-87">
         <name>.int37</name>
         <load_address>0xffda</load_address>
         <run_address>0xffda</run_address>
         <size>0x2</size>
         <input_file_ref idref="fl-44"/>
      </object_component>
      <object_component id="oc-88">
         <name>.int38</name>
         <load_address>0xffdc</load_address>
         <run_address>0xffdc</run_address>
         <size>0x2</size>
         <input_file_ref idref="fl-45"/>
      </object_component>
      <object_component id="oc-89">
         <name>.int39</name>
         <load_address>0xffde</load_address>
         <run_address>0xffde</run_address>
         <size>0x2</size>
         <input_file_ref idref="fl-6"/>
      </object_component>
      <object_component id="oc-8a">
         <name>.int40</name>
         <load_address>0xffe0</load_address>
         <run_address>0xffe0</run_address>
         <size>0x2</size>
         <input_file_ref idref="fl-6"/>
      </object_component>
      <object_component id="oc-8b">
         <name>.int41</name>
         <load_address>0xffe2</load_address>
         <run_address>0xffe2</run_address>
         <size>0x2</size>
         <input_file_ref idref="fl-46"/>
      </object_component>
      <object_component id="oc-8c">
         <name>.int42</name>
         <load_address>0xffe4</load_address>
         <run_address>0xffe4</run_address>
         <size>0x2</size>
         <input_file_ref idref="fl-47"/>
      </object_component>
      <object_component id="oc-8d">
         <name>.int43</name>
         <load_address>0xffe6</load_address>
         <run_address>0xffe6</run_address>
         <size>0x2</size>
         <input_file_ref idref="fl-48"/>
      </object_component>
      <object_component id="oc-8e">
         <name>.int44</name>
         <load_address>0xffe8</load_address>
         <run_address>0xffe8</run_address>
         <size>0x2</size>
         <input_file_ref idref="fl-6"/>
      </object_component>
      <object_component id="oc-8f">
         <name>.int45</name>
         <load_address>0xffea</load_address>
         <run_address>0xffea</run_address>
         <size>0x2</size>
         <input_file_ref idref="fl-49"/>
      </object_component>
      <object_component id="oc-90">
         <name>.int46</name>
         <load_address>0xffec</load_address>
         <run_address>0xffec</run_address>
         <size>0x2</size>
         <input_file_ref idref="fl-4a"/>
      </object_component>
      <object_component id="oc-91">
         <name>.int47</name>
         <load_address>0xffee</load_address>
         <run_address>0xffee</run_address>
         <size>0x2</size>
         <input_file_ref idref="fl-4b"/>
      </object_component>
      <object_component id="oc-92">
         <name>.int48</name>
         <load_address>0xfff0</load_address>
         <run_address>0xfff0</run_address>
         <size>0x2</size>
         <input_file_ref idref="fl-4c"/>
      </object_component>
      <object_component id="oc-93">
         <name>.int49</name>
         <load_address>0xfff2</load_address>
         <run_address>0xfff2</run_address>
         <size>0x2</size>
         <input_file_ref idref="fl-4d"/>
      </object_component>
      <object_component id="oc-94">
         <name>.int50</name>
         <load_address>0xfff4</load_address>
         <run_address>0xfff4</run_address>
         <size>0x2</size>
         <input_file_ref idref="fl-4e"/>
      </object_component>
      <object_component id="oc-95">
         <name>.int51</name>
         <load_address>0xfff6</load_address>
         <run_address>0xfff6</run_address>
         <size>0x2</size>
         <input_file_ref idref="fl-4f"/>
      </object_component>
      <object_component id="oc-96">
         <name>.int52</name>
         <load_address>0xfff8</load_address>
         <run_address>0xfff8</run_address>
         <size>0x2</size>
         <input_file_ref idref="fl-50"/>
      </object_component>
      <object_component id="oc-97">
         <name>.int53</name>
         <load_address>0xfffa</load_address>
         <run_address>0xfffa</run_address>
         <size>0x2</size>
         <input_file_ref idref="fl-51"/>
      </object_component>
      <object_component id="oc-98">
         <name>.int54</name>
         <load_address>0xfffc</load_address>
         <run_address>0xfffc</run_address>
         <size>0x2</size>
         <input_file_ref idref="fl-52"/>
      </object_component>
      <object_component id="oc-df">
         <name>.reset</name>
         <load_address>0xfffe</load_address>
         <run_address>0xfffe</run_address>
         <size>0x2</size>
         <input_file_ref idref="fl-68"/>
      </object_component>
      <object_component id="oc-290">
         <name>.fram_pressure</name>
         <uninitialized>true</uninitialized>
         <run_address>0xe500</run_address>
         <size>0xb40</size>
         <input_file_ref idref="fl-6"/>
      </object_component>
      <object_component id="oc-28d">
         <name>.fram_temperature</name>
         <uninitialized>true</uninitialized>
         <run_address>0xf040</run_address>
         <size>0xb40</size>
         <input_file_ref idref="fl-6"/>
      </object_component>
      <object_component id="oc-35e">
         <name>.fram_display</name>
         <uninitialized>true</uninitialized>
         <run_address>0xfb80</run_address>
         <size>0x400</size>
         <input_file_ref idref="fl-2"/>
      </object_component>
      <object_component id="oc-28a">
         <name>.fram_vars</name>
         <uninitialized>true</uninitialized>
         <run_address>0xe400</run_address>
         <size>0x2</size>
         <input_file_ref idref="fl-6"/>
      </object_component>
      <object_component id="oc-2e0">
         <name>.debug_info</name>
         <load_address>0x0</load_address>
         <run_address>0x0</run_address>
         <size>0x56b</size>
         <input_file_ref idref="fl-2"/>
      </object_component>
      <object_component id="oc-398">
         <name>.debug_info</name>
         <load_address>0x56b</load_address>
         <run_address>0x56b</run_address>
         <size>0xc3</size>
         <input_file_ref idref="fl-2"/>
      </object_component>
      <object_component id="oc-3f4">
         <name>.debug_info</name>
         <load_address>0x62e</load_address>
         <run_address>0x62e</run_address>
         <size>0xcc</size>
         <input_file_ref idref="fl-2"/>
      </object_component>
      <object_component id="oc-35f">
         <name>.debug_info</name>
         <load_address>0x6fa</load_address>
         <run_address>0x6fa</run_address>
         <size>0xc8</size>
         <input_file_ref idref="fl-2"/>
      </object_component>
      <object_component id="oc-1d0">
         <name>.debug_info</name>
         <load_address>0x7c2</load_address>
         <run_address>0x7c2</run_address>
         <size>0x17d</size>
         <input_file_ref idref="fl-2"/>
      </object_component>
      <object_component id="oc-305">
         <name>.debug_info</name>
         <load_address>0x93f</load_address>
         <run_address>0x93f</run_address>
         <size>0x688</size>
         <input_file_ref idref="fl-2"/>
      </object_component>
      <object_component id="oc-2da">
         <name>.debug_info</name>
         <load_address>0xfc7</load_address>
         <run_address>0xfc7</run_address>
         <size>0x18b</size>
         <input_file_ref idref="fl-2"/>
      </object_component>
      <object_component id="oc-24c">
         <name>.debug_info</name>
         <load_address>0x1152</load_address>
         <run_address>0x1152</run_address>
         <size>0x164</size>
         <input_file_ref idref="fl-2"/>
      </object_component>
      <object_component id="oc-192">
         <name>.debug_info</name>
         <load_address>0x12b6</load_address>
         <run_address>0x12b6</run_address>
         <size>0x1ac</size>
         <input_file_ref idref="fl-2"/>
      </object_component>
      <object_component id="oc-2d3">
         <name>.debug_info</name>
         <load_address>0x1462</load_address>
         <run_address>0x1462</run_address>
         <size>0x202</size>
         <input_file_ref idref="fl-2"/>
      </object_component>
      <object_component id="oc-3dc">
         <name>.debug_info</name>
         <load_address>0x1664</load_address>
         <run_address>0x1664</run_address>
         <size>0x149</size>
         <input_file_ref idref="fl-2"/>
      </object_component>
      <object_component id="oc-3e2">
         <name>.debug_info</name>
         <load_address>0x17ad</load_address>
         <run_address>0x17ad</run_address>
         <size>0x14b</size>
         <input_file_ref idref="fl-2"/>
      </object_component>
      <object_component id="oc-3e8">
         <name>.debug_info</name>
         <load_address>0x18f8</load_address>
         <run_address>0x18f8</run_address>
         <size>0x156</size>
         <input_file_ref idref="fl-2"/>
      </object_component>
      <object_component id="oc-270">
         <name>.debug_info</name>
         <load_address>0x1a4e</load_address>
         <run_address>0x1a4e</run_address>
         <size>0x17e</size>
         <input_file_ref idref="fl-2"/>
      </object_component>
      <object_component id="oc-30b">
         <name>.debug_info</name>
         <load_address>0x1bcc</load_address>
         <run_address>0x1bcc</run_address>
         <size>0x16e</size>
         <input_file_ref idref="fl-2"/>
      </object_component>
      <object_component id="oc-26a">
         <name>.debug_info</name>
         <load_address>0x1d3a</load_address>
         <run_address>0x1d3a</run_address>
         <size>0x16c</size>
         <input_file_ref idref="fl-2"/>
      </object_component>
      <object_component id="oc-366">
         <name>.debug_info</name>
         <load_address>0x1ea6</load_address>
         <run_address>0x1ea6</run_address>
         <size>0x27f</size>
         <input_file_ref idref="fl-2"/>
      </object_component>
      <object_component id="oc-264">
         <name>.debug_info</name>
         <load_address>0x2125</load_address>
         <run_address>0x2125</run_address>
         <size>0x2e8</size>
         <input_file_ref idref="fl-2"/>
      </object_component>
      <object_component id="oc-39b">
         <name>.debug_info</name>
         <load_address>0x240d</load_address>
         <run_address>0x240d</run_address>
         <size>0x211</size>
         <input_file_ref idref="fl-2"/>
      </object_component>
      <object_component id="oc-401">
         <name>.debug_info</name>
         <load_address>0x261e</load_address>
         <run_address>0x261e</run_address>
         <size>0x1d8</size>
         <input_file_ref idref="fl-2"/>
      </object_component>
      <object_component id="oc-3a2">
         <name>.debug_info</name>
         <load_address>0x27f6</load_address>
         <run_address>0x27f6</run_address>
         <size>0x1d8</size>
         <input_file_ref idref="fl-2"/>
      </object_component>
      <object_component id="oc-280">
         <name>.debug_info</name>
         <load_address>0x29ce</load_address>
         <run_address>0x29ce</run_address>
         <size>0x1cf</size>
         <input_file_ref idref="fl-2"/>
      </object_component>
      <object_component id="oc-279">
         <name>.debug_info</name>
         <load_address>0x2b9d</load_address>
         <run_address>0x2b9d</run_address>
         <size>0x1c3</size>
         <input_file_ref idref="fl-2"/>
      </object_component>
      <object_component id="oc-2c7">
         <name>.debug_info</name>
         <load_address>0x2d60</load_address>
         <run_address>0x2d60</run_address>
         <size>0x336</size>
         <input_file_ref idref="fl-2"/>
      </object_component>
      <object_component id="oc-371">
         <name>.debug_info</name>
         <load_address>0x3096</load_address>
         <run_address>0x3096</run_address>
         <size>0x272</size>
         <input_file_ref idref="fl-2"/>
      </object_component>
      <object_component id="oc-2c1">
         <name>.debug_info</name>
         <load_address>0x3308</load_address>
         <run_address>0x3308</run_address>
         <size>0x40c</size>
         <input_file_ref idref="fl-2"/>
      </object_component>
      <object_component id="oc-2cd">
         <name>.debug_info</name>
         <load_address>0x3714</load_address>
         <run_address>0x3714</run_address>
         <size>0x445</size>
         <input_file_ref idref="fl-2"/>
      </object_component>
      <object_component id="oc-1e6">
         <name>.debug_info</name>
         <load_address>0x3b59</load_address>
         <run_address>0x3b59</run_address>
         <size>0x663</size>
         <input_file_ref idref="fl-2"/>
      </object_component>
      <object_component id="oc-154">
         <name>.debug_info</name>
         <load_address>0x41bc</load_address>
         <run_address>0x41bc</run_address>
         <size>0x84</size>
         <input_file_ref idref="fl-2"/>
      </object_component>
      <object_component id="oc-1f5">
         <name>.debug_info</name>
         <load_address>0x4240</load_address>
         <run_address>0x4240</run_address>
         <size>0x15a</size>
         <input_file_ref idref="fl-2"/>
      </object_component>
      <object_component id="oc-185">
         <name>.debug_info</name>
         <load_address>0x439a</load_address>
         <run_address>0x439a</run_address>
         <size>0x18b</size>
         <input_file_ref idref="fl-2"/>
      </object_component>
      <object_component id="oc-208">
         <name>.debug_info</name>
         <load_address>0x4525</load_address>
         <run_address>0x4525</run_address>
         <size>0x380</size>
         <input_file_ref idref="fl-3"/>
      </object_component>
      <object_component id="oc-1dc">
         <name>.debug_info</name>
         <load_address>0x48a5</load_address>
         <run_address>0x48a5</run_address>
         <size>0x154</size>
         <input_file_ref idref="fl-3"/>
      </object_component>
      <object_component id="oc-20c">
         <name>.debug_info</name>
         <load_address>0x49f9</load_address>
         <run_address>0x49f9</run_address>
         <size>0x17c</size>
         <input_file_ref idref="fl-3"/>
      </object_component>
      <object_component id="oc-202">
         <name>.debug_info</name>
         <load_address>0x4b75</load_address>
         <run_address>0x4b75</run_address>
         <size>0x166</size>
         <input_file_ref idref="fl-3"/>
      </object_component>
      <object_component id="oc-386">
         <name>.debug_info</name>
         <load_address>0x4cdb</load_address>
         <run_address>0x4cdb</run_address>
         <size>0x1ab</size>
         <input_file_ref idref="fl-3"/>
      </object_component>
      <object_component id="oc-322">
         <name>.debug_info</name>
         <load_address>0x4e86</load_address>
         <run_address>0x4e86</run_address>
         <size>0x1f6</size>
         <input_file_ref idref="fl-3"/>
      </object_component>
      <object_component id="oc-198">
         <name>.debug_info</name>
         <load_address>0x507c</load_address>
         <run_address>0x507c</run_address>
         <size>0x177</size>
         <input_file_ref idref="fl-3"/>
      </object_component>
      <object_component id="oc-176">
         <name>.debug_info</name>
         <load_address>0x51f3</load_address>
         <run_address>0x51f3</run_address>
         <size>0x175</size>
         <input_file_ref idref="fl-3"/>
      </object_component>
      <object_component id="oc-3c9">
         <name>.debug_info</name>
         <load_address>0x5368</load_address>
         <run_address>0x5368</run_address>
         <size>0x182</size>
         <input_file_ref idref="fl-3"/>
      </object_component>
      <object_component id="oc-29c">
         <name>.debug_info</name>
         <load_address>0x54ea</load_address>
         <run_address>0x54ea</run_address>
         <size>0x17e</size>
         <input_file_ref idref="fl-3"/>
      </object_component>
      <object_component id="oc-2a2">
         <name>.debug_info</name>
         <load_address>0x5668</load_address>
         <run_address>0x5668</run_address>
         <size>0x17a</size>
         <input_file_ref idref="fl-3"/>
      </object_component>
      <object_component id="oc-1eb">
         <name>.debug_info</name>
         <load_address>0x57e2</load_address>
         <run_address>0x57e2</run_address>
         <size>0x37c</size>
         <input_file_ref idref="fl-3"/>
      </object_component>
      <object_component id="oc-33b">
         <name>.debug_info</name>
         <load_address>0x5b5e</load_address>
         <run_address>0x5b5e</run_address>
         <size>0xbd</size>
         <input_file_ref idref="fl-3"/>
      </object_component>
      <object_component id="oc-340">
         <name>.debug_info</name>
         <load_address>0x5c1b</load_address>
         <run_address>0x5c1b</run_address>
         <size>0x165</size>
         <input_file_ref idref="fl-3"/>
      </object_component>
      <object_component id="oc-3d0">
         <name>.debug_info</name>
         <load_address>0x5d80</load_address>
         <run_address>0x5d80</run_address>
         <size>0x2c</size>
         <input_file_ref idref="fl-3"/>
      </object_component>
      <object_component id="oc-1fa">
         <name>.debug_info</name>
         <load_address>0x5dac</load_address>
         <run_address>0x5dac</run_address>
         <size>0x7b</size>
         <input_file_ref idref="fl-3"/>
      </object_component>
      <object_component id="oc-21c">
         <name>.debug_info</name>
         <load_address>0x5e27</load_address>
         <run_address>0x5e27</run_address>
         <size>0x2e6</size>
         <input_file_ref idref="fl-4"/>
      </object_component>
      <object_component id="oc-219">
         <name>.debug_info</name>
         <load_address>0x610d</load_address>
         <run_address>0x610d</run_address>
         <size>0x139</size>
         <input_file_ref idref="fl-4"/>
      </object_component>
      <object_component id="oc-1d6">
         <name>.debug_info</name>
         <load_address>0x6246</load_address>
         <run_address>0x6246</run_address>
         <size>0x11d</size>
         <input_file_ref idref="fl-4"/>
      </object_component>
      <object_component id="oc-31c">
         <name>.debug_info</name>
         <load_address>0x6363</load_address>
         <run_address>0x6363</run_address>
         <size>0x1d2</size>
         <input_file_ref idref="fl-4"/>
      </object_component>
      <object_component id="oc-17d">
         <name>.debug_info</name>
         <load_address>0x6535</load_address>
         <run_address>0x6535</run_address>
         <size>0x2fe</size>
         <input_file_ref idref="fl-4"/>
      </object_component>
      <object_component id="oc-3b5">
         <name>.debug_info</name>
         <load_address>0x6833</load_address>
         <run_address>0x6833</run_address>
         <size>0x11c</size>
         <input_file_ref idref="fl-4"/>
      </object_component>
      <object_component id="oc-316">
         <name>.debug_info</name>
         <load_address>0x694f</load_address>
         <run_address>0x694f</run_address>
         <size>0x226</size>
         <input_file_ref idref="fl-4"/>
      </object_component>
      <object_component id="oc-3bb">
         <name>.debug_info</name>
         <load_address>0x6b75</load_address>
         <run_address>0x6b75</run_address>
         <size>0x16b</size>
         <input_file_ref idref="fl-4"/>
      </object_component>
      <object_component id="oc-3c1">
         <name>.debug_info</name>
         <load_address>0x6ce0</load_address>
         <run_address>0x6ce0</run_address>
         <size>0x17e</size>
         <input_file_ref idref="fl-4"/>
      </object_component>
      <object_component id="oc-213">
         <name>.debug_info</name>
         <load_address>0x6e5e</load_address>
         <run_address>0x6e5e</run_address>
         <size>0x183</size>
         <input_file_ref idref="fl-4"/>
      </object_component>
      <object_component id="oc-1f0">
         <name>.debug_info</name>
         <load_address>0x6fe1</load_address>
         <run_address>0x6fe1</run_address>
         <size>0x177</size>
         <input_file_ref idref="fl-4"/>
      </object_component>
      <object_component id="oc-16c">
         <name>.debug_info</name>
         <load_address>0x7158</load_address>
         <run_address>0x7158</run_address>
         <size>0x1574</size>
         <input_file_ref idref="fl-6"/>
      </object_component>
      <object_component id="oc-173">
         <name>.debug_info</name>
         <load_address>0x86cc</load_address>
         <run_address>0x86cc</run_address>
         <size>0x118</size>
         <input_file_ref idref="fl-6"/>
      </object_component>
      <object_component id="oc-291">
         <name>.debug_info</name>
         <load_address>0x87e4</load_address>
         <run_address>0x87e4</run_address>
         <size>0xea</size>
         <input_file_ref idref="fl-6"/>
      </object_component>
      <object_component id="oc-28e">
         <name>.debug_info</name>
         <load_address>0x88ce</load_address>
         <run_address>0x88ce</run_address>
         <size>0xf0</size>
         <input_file_ref idref="fl-6"/>
      </object_component>
      <object_component id="oc-28b">
         <name>.debug_info</name>
         <load_address>0x89be</load_address>
         <run_address>0x89be</run_address>
         <size>0xe0</size>
         <input_file_ref idref="fl-6"/>
      </object_component>
      <object_component id="oc-276">
         <name>.debug_info</name>
         <load_address>0x8a9e</load_address>
         <run_address>0x8a9e</run_address>
         <size>0xd4</size>
         <input_file_ref idref="fl-6"/>
      </object_component>
      <object_component id="oc-38e">
         <name>.debug_info</name>
         <load_address>0x8b72</load_address>
         <run_address>0x8b72</run_address>
         <size>0xe3</size>
         <input_file_ref idref="fl-6"/>
      </object_component>
      <object_component id="oc-392">
         <name>.debug_info</name>
         <load_address>0x8c55</load_address>
         <run_address>0x8c55</run_address>
         <size>0xe1</size>
         <input_file_ref idref="fl-6"/>
      </object_component>
      <object_component id="oc-1a0">
         <name>.debug_info</name>
         <load_address>0x8d36</load_address>
         <run_address>0x8d36</run_address>
         <size>0x172</size>
         <input_file_ref idref="fl-6"/>
      </object_component>
      <object_component id="oc-25e">
         <name>.debug_info</name>
         <load_address>0x8ea8</load_address>
         <run_address>0x8ea8</run_address>
         <size>0x48c</size>
         <input_file_ref idref="fl-6"/>
      </object_component>
      <object_component id="oc-2ae">
         <name>.debug_info</name>
         <load_address>0x9334</load_address>
         <run_address>0x9334</run_address>
         <size>0x1c0</size>
         <input_file_ref idref="fl-6"/>
      </object_component>
      <object_component id="oc-2b4">
         <name>.debug_info</name>
         <load_address>0x94f4</load_address>
         <run_address>0x94f4</run_address>
         <size>0x1a9</size>
         <input_file_ref idref="fl-6"/>
      </object_component>
      <object_component id="oc-2ba">
         <name>.debug_info</name>
         <load_address>0x969d</load_address>
         <run_address>0x969d</run_address>
         <size>0x186</size>
         <input_file_ref idref="fl-6"/>
      </object_component>
      <object_component id="oc-329">
         <name>.debug_info</name>
         <load_address>0x9823</load_address>
         <run_address>0x9823</run_address>
         <size>0x41d</size>
         <input_file_ref idref="fl-6"/>
      </object_component>
      <object_component id="oc-1c2">
         <name>.debug_info</name>
         <load_address>0x9c40</load_address>
         <run_address>0x9c40</run_address>
         <size>0x28f</size>
         <input_file_ref idref="fl-6"/>
      </object_component>
      <object_component id="oc-1c8">
         <name>.debug_info</name>
         <load_address>0x9ecf</load_address>
         <run_address>0x9ecf</run_address>
         <size>0x926</size>
         <input_file_ref idref="fl-6"/>
      </object_component>
      <object_component id="oc-18b">
         <name>.debug_info</name>
         <load_address>0xa7f5</load_address>
         <run_address>0xa7f5</run_address>
         <size>0x18b1</size>
         <input_file_ref idref="fl-6"/>
      </object_component>
      <object_component id="oc-10c">
         <name>.debug_info</name>
         <load_address>0xc0a6</load_address>
         <run_address>0xc0a6</run_address>
         <size>0x16c</size>
         <input_file_ref idref="fl-6"/>
      </object_component>
      <object_component id="oc-106">
         <name>.debug_info</name>
         <load_address>0xc212</load_address>
         <run_address>0xc212</run_address>
         <size>0x1b0</size>
         <input_file_ref idref="fl-6"/>
      </object_component>
      <object_component id="oc-100">
         <name>.debug_info</name>
         <load_address>0xc3c2</load_address>
         <run_address>0xc3c2</run_address>
         <size>0x1c0</size>
         <input_file_ref idref="fl-6"/>
      </object_component>
      <object_component id="oc-139">
         <name>.debug_info</name>
         <load_address>0xc582</load_address>
         <run_address>0xc582</run_address>
         <size>0x164</size>
         <input_file_ref idref="fl-6"/>
      </object_component>
      <object_component id="oc-14d">
         <name>.debug_info</name>
         <load_address>0xc6e6</load_address>
         <run_address>0xc6e6</run_address>
         <size>0x161</size>
         <input_file_ref idref="fl-6"/>
      </object_component>
      <object_component id="oc-ec">
         <name>.debug_info</name>
         <load_address>0xc847</load_address>
         <run_address>0xc847</run_address>
         <size>0x1a7</size>
         <input_file_ref idref="fl-3b"/>
      </object_component>
      <object_component id="oc-77">
         <name>.debug_info</name>
         <load_address>0xc9ee</load_address>
         <run_address>0xc9ee</run_address>
         <size>0x1a9</size>
         <input_file_ref idref="fl-3b"/>
      </object_component>
      <object_component id="oc-e7">
         <name>.debug_info</name>
         <load_address>0xcb97</load_address>
         <run_address>0xcb97</run_address>
         <size>0x46</size>
         <input_file_ref idref="fl-3b"/>
      </object_component>
      <object_component id="oc-162">
         <name>.debug_info</name>
         <load_address>0xcbdd</load_address>
         <run_address>0xcbdd</run_address>
         <size>0x2c</size>
         <input_file_ref idref="fl-3b"/>
      </object_component>
      <object_component id="oc-f4">
         <name>.debug_info</name>
         <load_address>0xcc09</load_address>
         <run_address>0xcc09</run_address>
         <size>0x164</size>
         <input_file_ref idref="fl-3c"/>
      </object_component>
      <object_component id="oc-f1">
         <name>.debug_info</name>
         <load_address>0xcd6d</load_address>
         <run_address>0xcd6d</run_address>
         <size>0x21b</size>
         <input_file_ref idref="fl-3c"/>
      </object_component>
      <object_component id="oc-7f">
         <name>.debug_info</name>
         <load_address>0xcf88</load_address>
         <run_address>0xcf88</run_address>
         <size>0x192</size>
         <input_file_ref idref="fl-3c"/>
      </object_component>
      <object_component id="oc-f5">
         <name>.debug_info</name>
         <load_address>0xd11a</load_address>
         <run_address>0xd11a</run_address>
         <size>0x39</size>
         <input_file_ref idref="fl-3c"/>
      </object_component>
      <object_component id="oc-fd">
         <name>.debug_info</name>
         <load_address>0xd153</load_address>
         <run_address>0xd153</run_address>
         <size>0xec</size>
         <input_file_ref idref="fl-3e"/>
      </object_component>
      <object_component id="oc-117">
         <name>.debug_info</name>
         <load_address>0xd23f</load_address>
         <run_address>0xd23f</run_address>
         <size>0x155</size>
         <input_file_ref idref="fl-53"/>
      </object_component>
      <object_component id="oc-9a">
         <name>.debug_info</name>
         <load_address>0xd394</load_address>
         <run_address>0xd394</run_address>
         <size>0x19b</size>
         <input_file_ref idref="fl-53"/>
      </object_component>
      <object_component id="oc-112">
         <name>.debug_info</name>
         <load_address>0xd52f</load_address>
         <run_address>0xd52f</run_address>
         <size>0x46</size>
         <input_file_ref idref="fl-53"/>
      </object_component>
      <object_component id="oc-259">
         <name>.debug_info</name>
         <load_address>0xd575</load_address>
         <run_address>0xd575</run_address>
         <size>0x112</size>
         <input_file_ref idref="fl-54"/>
[...]
      </symbol>
      <symbol id="sm-533">
         <name>_ZN10FXOS8700CQC1Eh</name>
         <value>0x13270</value>
         <object_component_ref idref="oc-1db"/>
      </symbol>
      <symbol id="sm-5b0">
         <name>_ZN6MS580310readSensorEv</name>
         <value>0x11866</value>
         <object_component_ref idref="oc-17c"/>
      </symbol>
      <symbol id="sm-5b1">
         <name>_ZN6MS580314adjustAltitudeEl</name>
         <value>0x122c6</value>
         <object_component_ref idref="oc-315"/>
      </symbol>
      <symbol id="sm-5b2">
         <name>_ZN6MS5803C2Ev</name>
         <value>0x1332e</value>
         <object_component_ref idref="oc-1d5"/>
      </symbol>
      <symbol id="sm-5b3">
         <name>_ZN6MS5803C1Ev</name>
         <value>0x1332e</value>
         <object_component_ref idref="oc-1d5"/>
      </symbol>
      <symbol id="sm-5b4">
         <name>_ZN6MS580321ms5803ReadCoefficientEh</name>
         <value>0x12928</value>
         <object_component_ref idref="oc-3ba"/>
      </symbol>
      <symbol id="sm-5b5">
         <name>_ZN6MS580312ms5803CmdAdcEh</name>
         <value>0x12094</value>
         <object_component_ref idref="oc-212"/>
      </symbol>
      <symbol id="sm-5b6">
         <name>_ZN6MS580310ms5803CRC4EPj</name>
         <value>0x12a12</value>
         <object_component_ref idref="oc-3c0"/>
      </symbol>
      <symbol id="sm-5b7">
         <name>_ZN6MS580311resetSensorEv</name>
         <value>0x1306e</value>
         <object_component_ref idref="oc-3b4"/>
      </symbol>
      <symbol id="sm-5b8">
         <name>_ZN6MS580316initializeSensorEv</name>
         <value>0x12e60</value>
         <object_component_ref idref="oc-31b"/>
      </symbol>
      <symbol id="sm-6fc">
         <name>i</name>
         <value>0x1c56</value>
      </symbol>
      <symbol id="sm-6fd">
         <name>temperature</name>
         <value>0x1c68</value>
      </symbol>
      <symbol id="sm-6fe">
         <name>pressure</name>
         <value>0x1c60</value>
      </symbol>
      <symbol id="sm-6ff">
         <name>temp_min</name>
         <value>0x1c66</value>
      </symbol>
      <symbol id="sm-700">
         <name>temp_max</name>
         <value>0x1c64</value>
      </symbol>
      <symbol id="sm-701">
         <name>pres_min</name>
         <value>0x1c5e</value>
      </symbol>
      <symbol id="sm-702">
         <name>pres_max</name>
         <value>0x1c5c</value>
      </symbol>
      <symbol id="sm-703">
         <name>altitude</name>
         <value>0x1c46</value>
      </symbol>
      <symbol id="sm-704">
         <name>temp</name>
         <value>0x1c62</value>
      </symbol>
      <symbol id="sm-705">
         <name>pres</name>
         <value>0x1c5a</value>
      </symbol>
      <symbol id="sm-706">
         <name>units</name>
         <value>0x1c80</value>
      </symbol>
      <symbol id="sm-707">
         <name>screen</name>
         <value>0x1c7e</value>
      </symbol>
      <symbol id="sm-708">
         <name>x_offset</name>
         <value>0x1c70</value>
      </symbol>
      <symbol id="sm-709">
         <name>y_offset</name>
         <value>0x1c74</value>
      </symbol>
      <symbol id="sm-70a">
         <name>z_offset</name>
         <value>0x1c78</value>
      </symbol>
      <symbol id="sm-70b">
         <name>ref_pressure</name>
         <value>0x1c4a</value>
      </symbol>
      <symbol id="sm-70c">
         <name>voltage</name>
         <value>0x1c6c</value>
      </symbol>
      <symbol id="sm-70d">
         <name>measured</name>
         <value>0x1c7d</value>
      </symbol>
      <symbol id="sm-70e">
         <name>line_lenght</name>
         <value>0x1c58</value>
      </symbol>
      <symbol id="sm-70f">
         <name>direction</name>
         <value>0x1c54</value>
      </symbol>
      <symbol id="sm-710">
         <name>calibration</name>
         <value>0x1c7c</value>
      </symbol>
      <symbol id="sm-711">
         <name>cal_pause</name>
         <value>0x1c7b</value>
      </symbol>
      <symbol id="sm-712">
         <name>skip</name>
         <value>0x1c7f</value>
      </symbol>
      <symbol id="sm-713">
         <name>tick</name>
         <value>0x1c6a</value>
      </symbol>
      <symbol id="sm-714">
         <name>x</name>
         <value>0x1c6e</value>
      </symbol>
      <symbol id="sm-715">
         <name>y</name>
         <value>0x1c72</value>
      </symbol>
      <symbol id="sm-716">
         <name>z</name>
         <value>0x1c76</value>
      </symbol>
      <symbol id="sm-717">
         <name>ax</name>
         <value>0x1c4e</value>
      </symbol>
      <symbol id="sm-718">
         <name>ay</name>
         <value>0x1c50</value>
      </symbol>
      <symbol id="sm-719">
         <name>az</name>
         <value>0x1c52</value>
      </symbol>
      <symbol id="sm-71a">
         <name>FRAM_write_ptr</name>
         <value>0x1c42</value>
      </symbol>
      <symbol id="sm-71b">
         <name>_Z9PORT1_ISRv</name>
         <value>0x4400</value>
         <object_component_ref idref="oc-ff"/>
      </symbol>
      <symbol id="sm-71c">
         <name>pressure_array</name>
         <value>0xe500</value>
         <object_component_ref idref="oc-290"/>
      </symbol>
      <symbol id="sm-71d">
         <name>_Z11show_screenv</name>
         <value>0x10000</value>
         <object_component_ref idref="oc-18a"/>
      </symbol>
      <symbol id="sm-71e">
         <name>__sti___8_main_cpp_display</name>
         <value>0x1312e</value>
         <object_component_ref idref="oc-14c"/>
      </symbol>
      <symbol id="sm-71f">
         <name>__TI_int39</name>
         <value>0xffde</value>
         <object_component_ref idref="oc-89"/>
      </symbol>
      <symbol id="sm-720">
         <name>__TI_int44</name>
         <value>0xffe8</value>
         <object_component_ref idref="oc-8e"/>
      </symbol>
      <symbol id="sm-721">
         <name>__TI_int40</name>
         <value>0xffe0</value>
         <object_component_ref idref="oc-8a"/>
      </symbol>
      <symbol id="sm-722">
         <name>temperature_array</name>
         <value>0xf040</value>
         <object_component_ref idref="oc-28d"/>
      </symbol>
      <symbol id="sm-723">
         <name>d_counter</name>
         <value>0xe400</value>
         <object_component_ref idref="oc-28a"/>
      </symbol>
      <symbol id="sm-724">
         <name>_Z11read_sensorv</name>
         <value>0x12894</value>
         <object_component_ref idref="oc-19f"/>
      </symbol>
      <symbol id="sm-725">
         <name>_Z3cosi</name>
         <value>0x130a4</value>
         <object_component_ref idref="oc-2b9"/>
      </symbol>
      <symbol id="sm-726">
         <name>main</name>
         <value>0x1321a</value>
         <object_component_ref idref="oc-138"/>
      </symbol>
      <symbol id="sm-727">
         <name>_Z13compass_resetv</name>
         <value>0x124c0</value>
         <object_component_ref idref="oc-328"/>
      </symbol>
      <symbol id="sm-728">
         <name>_Z5spliti</name>
         <value>0x11590</value>
         <object_component_ref idref="oc-25d"/>
      </symbol>
      <symbol id="sm-729">
         <name>compass</name>
         <value>0x1c20</value>
         <object_component_ref idref="oc-172"/>
      </symbol>
      <symbol id="sm-72a">
         <name>_Z4initv</name>
         <value>0x11c46</value>
         <object_component_ref idref="oc-1c1"/>
      </symbol>
      <symbol id="sm-72b">
         <name>display</name>
         <value>0x1c00</value>
         <object_component_ref idref="oc-172"/>
      </symbol>
      <symbol id="sm-72c">
         <name>_Z10TIMER0_ISRv</name>
         <value>0x4558</value>
         <object_component_ref idref="oc-10b"/>
      </symbol>
      <symbol id="sm-72d">
         <name>_Z10TIMER1_ISRv</name>
         <value>0x44e8</value>
         <object_component_ref idref="oc-105"/>
      </symbol>
      <symbol id="sm-72e">
         <name>str</name>
         <value>0x1c9e</value>
         <object_component_ref idref="oc-275"/>
      </symbol>
      <symbol id="sm-72f">
         <name>_Z9calibratev</name>
         <value>0x11238</value>
         <object_component_ref idref="oc-1c7"/>
      </symbol>
      <symbol id="sm-730">
         <name>sensor</name>
         <value>0x1c10</value>
         <object_component_ref idref="oc-172"/>
      </symbol>
      <symbol id="sm-731">
         <name>_Z3sini</name>
         <value>0x12bb8</value>
         <object_component_ref idref="oc-2b3"/>
      </symbol>
      <symbol id="sm-732">
         <name>_Z4atanl</name>
         <value>0x12e14</value>
         <object_component_ref idref="oc-2ad"/>
      </symbol>
      <symbol id="sm-748">
         <name>__TI_decompress_none</name>
         <value>0x132dc</value>
         <object_component_ref idref="oc-75"/>
      </symbol>
      <symbol id="sm-76a">
         <name>__TI_decompress_rle24</name>
         <value>0x1335e</value>
         <object_component_ref idref="oc-7b"/>
      </symbol>
      <symbol id="sm-76d">
         <name>__TI_int31</name>
         <value>0xffce</value>
         <object_component_ref idref="oc-81"/>
      </symbol>
      <symbol id="sm-775">
         <name>__TI_ISR_TRAP</name>
         <value>0x4566</value>
         <object_component_ref idref="oc-fa"/>
      </symbol>
      <symbol id="sm-778">
         <name>__TI_int32</name>
         <value>0xffd0</value>
         <object_component_ref idref="oc-82"/>
      </symbol>
      <symbol id="sm-77b">
         <name>__TI_int33</name>
         <value>0xffd2</value>
         <object_component_ref idref="oc-83"/>
      </symbol>
      <symbol id="sm-77e">
         <name>__TI_int34</name>
         <value>0xffd4</value>
         <object_component_ref idref="oc-84"/>
      </symbol>
      <symbol id="sm-781">
         <name>__TI_int35</name>
         <value>0xffd6</value>
         <object_component_ref idref="oc-85"/>
      </symbol>
      <symbol id="sm-784">
         <name>__TI_int36</name>
         <value>0xffd8</value>
         <object_component_ref idref="oc-86"/>
      </symbol>
      <symbol id="sm-787">
         <name>__TI_int37</name>
         <value>0xffda</value>
         <object_component_ref idref="oc-87"/>
      </symbol>
      <symbol id="sm-78a">
         <name>__TI_int38</name>
         <value>0xffdc</value>
         <object_component_ref idref="oc-88"/>
      </symbol>
      <symbol id="sm-78d">
         <name>__TI_int41</name>
         <value>0xffe2</value>
         <object_component_ref idref="oc-8b"/>
      </symbol>
      <symbol id="sm-790">
         <name>__TI_int42</name>
         <value>0xffe4</value>
         <object_component_ref idref="oc-8c"/>
      </symbol>
      <symbol id="sm-793">
         <name>__TI_int43</name>
         <value>0xffe6</value>
         <object_component_ref idref="oc-8d"/>
      </symbol>
      <symbol id="sm-796">
         <name>__TI_int45</name>
         <value>0xffea</value>
         <object_component_ref idref="oc-8f"/>
      </symbol>
      <symbol id="sm-799">
         <name>__TI_int46</name>
         <value>0xffec</value>
         <object_component_ref idref="oc-90"/>
      </symbol>
      <symbol id="sm-79c">
         <name>__TI_int47</name>
         <value>0xffee</value>
         <object_component_ref idref="oc-91"/>
      </symbol>
      <symbol id="sm-79f">
         <name>__TI_int48</name>
         <value>0xfff0</value>
         <object_component_ref idref="oc-92"/>
      </symbol>
      <symbol id="sm-7a2">
         <name>__TI_int49</name>
         <value>0xfff2</value>
         <object_component_ref idref="oc-93"/>
      </symbol>
      <symbol id="sm-7a5">
         <name>__TI_int50</name>
         <value>0xfff4</value>
         <object_component_ref idref="oc-94"/>
      </symbol>
      <symbol id="sm-7a8">
         <name>__TI_int51</name>
         <value>0xfff6</value>
         <object_component_ref idref="oc-95"/>
      </symbol>
      <symbol id="sm-7ab">
         <name>__TI_int52</name>
         <value>0xfff8</value>
         <object_component_ref idref="oc-96"/>
      </symbol>
      <symbol id="sm-7ae">
         <name>__TI_int53</name>
         <value>0xfffa</value>
         <object_component_ref idref="oc-97"/>
      </symbol>
      <symbol id="sm-7b1">
         <name>__TI_int54</name>
         <value>0xfffc</value>
         <object_component_ref idref="oc-98"/>
      </symbol>
      <symbol id="sm-7c4">
         <name>__TI_zero_init</name>
         <value>0x13154</value>
         <object_component_ref idref="oc-99"/>
      </symbol>
      <symbol id="sm-7d0">
         <name>__mspabi_remi</name>
         <value>0x130d8</value>
         <object_component_ref idref="oc-257"/>
      </symbol>
      <symbol id="sm-7d1">
         <name>__mspabi_divi</name>
         <value>0x130d8</value>
         <object_component_ref idref="oc-257"/>
      </symbol>
      <symbol id="sm-7de">
         <name>__mspabi_remli</name>
         <value>0x12ea0</value>
         <object_component_ref idref="oc-245"/>
      </symbol>
      <symbol id="sm-7df">
         <name>__mspabi_divli</name>
         <value>0x12ea0</value>
         <object_component_ref idref="oc-245"/>
      </symbol>
      <symbol id="sm-7e9">
         <name>__mspabi_remu</name>
         <value>0x1329c</value>
         <object_component_ref idref="oc-251"/>
      </symbol>
      <symbol id="sm-7ea">
         <name>__mspabi_divu</name>
         <value>0x1329c</value>
         <object_component_ref idref="oc-251"/>
      </symbol>
      <symbol id="sm-7f9">
         <name>__mspabi_remul</name>
         <value>0x12c72</value>
         <object_component_ref idref="oc-358"/>
      </symbol>
      <symbol id="sm-7fa">
         <name>__mspabi_divul</name>
         <value>0x12c72</value>
         <object_component_ref idref="oc-358"/>
      </symbol>
      <symbol id="sm-82c">
         <name>__mspabi_divull</name>
         <value>0x10e9e</value>
         <object_component_ref idref="oc-23a"/>
      </symbol>
      <symbol id="sm-83a">
         <name>__mspabi_mpyi_f5hw</name>
         <value>0x132b2</value>
         <object_component_ref idref="oc-293"/>
      </symbol>
      <symbol id="sm-84d">
         <name>__mspabi_mpyl_f5hw</name>
         <value>0x13178</value>
         <object_component_ref idref="oc-240"/>
      </symbol>
      <symbol id="sm-862">
         <name>__mspabi_mpyll_f5hw</name>
         <value>0x12c18</value>
         <object_component_ref idref="oc-235"/>
      </symbol>
      <symbol id="sm-881">
         <name>__mspabi_mpysll_f5hw</name>
         <value>0x13104</value>
         <object_component_ref idref="oc-22a"/>
      </symbol>
      <symbol id="sm-88b">
         <name>__mspabi_slli</name>
         <value>0x13342</value>
         <object_component_ref idref="oc-3ed"/>
      </symbol>
      <symbol id="sm-893">
         <name>__mspabi_slll_9</name>
         <value>0x12ef8</value>
         <object_component_ref idref="oc-21f"/>
      </symbol>
      <symbol id="sm-894">
         <name>__mspabi_slll_8</name>
         <value>0x12efc</value>
         <object_component_ref idref="oc-21f"/>
      </symbol>
      <symbol id="sm-895">
         <name>__mspabi_slll_7</name>
         <value>0x12f00</value>
         <object_component_ref idref="oc-21f"/>
      </symbol>
      <symbol id="sm-896">
         <name>__mspabi_slll_6</name>
         <value>0x12f04</value>
         <object_component_ref idref="oc-21f"/>
      </symbol>
      <symbol id="sm-897">
         <name>__mspabi_slll_5</name>
         <value>0x12f08</value>
         <object_component_ref idref="oc-21f"/>
      </symbol>
      <symbol id="sm-898">
         <name>__mspabi_slll_4</name>
         <value>0x12f0c</value>
         <object_component_ref idref="oc-21f"/>
      </symbol>
      <symbol id="sm-899">
         <name>__mspabi_slll_3</name>
         <value>0x12f10</value>
         <object_component_ref idref="oc-21f"/>
      </symbol>
      <symbol id="sm-89a">
         <name>__mspabi_slll_2</name>
         <value>0x12f14</value>
         <object_component_ref idref="oc-21f"/>
      </symbol>
      <symbol id="sm-89b">
         <name>__mspabi_slll_1</name>
         <value>0x12f18</value>
         <object_component_ref idref="oc-21f"/>
      </symbol>
      <symbol id="sm-89c">
         <name>__mspabi_slll_15</name>
         <value>0x12ee0</value>
         <object_component_ref idref="oc-21f"/>
      </symbol>
      <symbol id="sm-89d">
         <name>__mspabi_slll_14</name>
         <value>0x12ee4</value>
         <object_component_ref idref="oc-21f"/>
      </symbol>
      <symbol id="sm-89e">
         <name>__mspabi_slll_13</name>
         <value>0x12ee8</value>
         <object_component_ref idref="oc-21f"/>
      </symbol>
      <symbol id="sm-89f">
         <name>__mspabi_slll_12</name>
         <value>0x12eec</value>
         <object_component_ref idref="oc-21f"/>
      </symbol>
      <symbol id="sm-8a0">
         <name>__mspabi_slll_11</name>
         <value>0x12ef0</value>
         <object_component_ref idref="oc-21f"/>
      </symbol>
      <symbol id="sm-8a1">
         <name>__mspabi_slll_10</name>
         <value>0x12ef4</value>
         <object_component_ref idref="oc-21f"/>
      </symbol>
      <symbol id="sm-8ae">
         <name>__mspabi_sllll</name>
         <value>0x12f1e</value>
         <object_component_ref idref="oc-224"/>
      </symbol>
      <symbol id="sm-8b8">
         <name>__mspabi_srll</name>
         <value>0x132ee</value>
         <object_component_ref idref="oc-350"/>
      </symbol>
      <symbol id="sm-8c5">
         <name>__mspabi_srlll</name>
         <value>0x12f58</value>
         <object_component_ref idref="oc-22f"/>
      </symbol>
      <symbol id="sm-8ce">
         <name>_stack</name>
         <value>0x2360</value>
         <object_component_ref idref="oc-dc"/>
      </symbol>
      <symbol id="sm-8cf">
         <name>_reset_vector</name>
         <value>0xfffe</value>
         <object_component_ref idref="oc-df"/>
      </symbol>
      <symbol id="sm-8ed">
         <name>_auto_init_hold_wdt</name>
         <value>0x12a80</value>
         <object_component_ref idref="oc-11e"/>
      </symbol>
      <symbol id="sm-8f8">
         <name>_c_int00_noargs_noexit</name>
         <value>0x453e</value>
         <object_component_ref idref="oc-b7"/>
      </symbol>
      <symbol id="sm-902">
         <name>_system_pre_init</name>
         <value>0x13364</value>
         <object_component_ref idref="oc-118"/>
      </symbol>
      <symbol id="sm-90d">
         <name>C$$EXIT</name>
         <value>0x13368</value>
         <object_component_ref idref="oc-140"/>
      </symbol>
      <symbol id="sm-90e">
         <name>abort</name>
         <value>0x13368</value>
         <object_component_ref idref="oc-140"/>
      </symbol>
      <symbol id="sm-91a">
         <name>abs</name>
         <value>0x13338</value>
         <object_component_ref idref="oc-32e"/>
      </symbol>
      <symbol id="sm-92d">
         <name>memcpy</name>
         <value>0x132c8</value>
         <object_component_ref idref="oc-e0"/>
      </symbol>
      <symbol id="sm-93a">
         <name>strlen</name>
         <value>0x132fe</value>
         <object_component_ref idref="oc-376"/>
      </symbol>
   </symbol_table>
   <title>Link successful</title>
</link_info>
