<?xml version="1.0"?>
<link_info>
   <banner>MSP430 Linker PC v4.4.5</banner>
   <copyright>Copyright (c) 2003-2015 Texas Instruments Incorporated</copyright>
   <link_time>0x5630cfbb</link_time>
   <link_errors>0x0</link_errors>
   <output_file>GPS_logger.out</output_file>
   <entry_point>
      <name>_c_int00_noargs_noexit</name>
      <address>0xa422</address>
   </entry_point>
   <input_file_list>
      <input_file id="fl-2">
         <path>.\</path>
         <kind>object</kind>
         <file>A2235-H.obj</file>
         <name>A2235-H.obj</name>
      </input_file>
      <input_file id="fl-3">
         <path>.\</path>
         <kind>object</kind>
         <file>Adafruit_SSD1306.obj</file>
         <name>Adafruit_SSD1306.obj</name>
      </input_file>
      <input_file id="fl-4">
         <path>.\</path>
         <kind>object</kind>
         <file>Enrf24.obj</file>
         <name>Enrf24.obj</name>
      </input_file>
      <input_file id="fl-5">
         <path>.\</path>
         <kind>object</kind>
         <file>MS5803.obj</file>
         <name>MS5803.obj</name>
      </input_file>
      <input_file id="fl-6">
         <path>.\</path>
         <kind>object</kind>
         <file>diskio.obj</file>
         <name>diskio.obj</name>
      </input_file>
      <input_file id="fl-7">
         <path>.\</path>
         <kind>object</kind>
         <file>ff.obj</file>
         <name>ff.obj</name>
      </input_file>
      <input_file id="fl-8">
         <path>.\</path>
         <kind>object</kind>
         <file>glcdfont.obj</file>
         <name>glcdfont.obj</name>
      </input_file>
      <input_file id="fl-9">
         <path>.\</path>
         <kind>object</kind>
         <file>hal_SPI.obj</file>
         <name>hal_SPI.obj</name>
      </input_file>
      <input_file id="fl-a">
         <path>.\</path>
         <kind>object</kind>
         <file>main.obj</file>
         <name>main.obj</name>
      </input_file>
      <input_file id="fl-45">
         <path>C:\ti\ccsv6\tools\compiler\ti-cgt-msp430_4.4.5\lib\</path>
         <kind>archive</kind>
         <file>rts430x_lc_rd_eabi.lib</file>
         <name>typeinfo_.obj</name>
      </input_file>
      <input_file id="fl-46">
         <path>C:\ti\ccsv6\tools\compiler\ti-cgt-msp430_4.4.5\lib\</path>
         <kind>archive</kind>
         <file>rts430x_lc_rd_eabi.lib</file>
         <name>delete.obj</name>
      </input_file>
      <input_file id="fl-47">
         <path>C:\ti\ccsv6\tools\compiler\ti-cgt-msp430_4.4.5\lib\</path>
         <kind>archive</kind>
         <file>rts430x_lc_rd_eabi.lib</file>
         <name>copy_decompress_none.obj</name>
      </input_file>
      <input_file id="fl-48">
         <path>C:\ti\ccsv6\tools\compiler\ti-cgt-msp430_4.4.5\lib\</path>
         <kind>archive</kind>
         <file>rts430x_lc_rd_eabi.lib</file>
         <name>copy_decompress_rle.obj</name>
      </input_file>
      <input_file id="fl-49">
         <path>C:\ti\ccsv6\tools\compiler\ti-cgt-msp430_4.4.5\lib\</path>
         <kind>archive</kind>
         <file>rts430x_lc_rd_eabi.lib</file>
         <name>int30.obj</name>
      </input_file>
      <input_file id="fl-4a">
         <path>C:\ti\ccsv6\tools\compiler\ti-cgt-msp430_4.4.5\lib\</path>
         <kind>archive</kind>
         <file>rts430x_lc_rd_eabi.lib</file>
         <name>isr_trap.obj</name>
      </input_file>
      <input_file id="fl-4b">
         <path>C:\ti\ccsv6\tools\compiler\ti-cgt-msp430_4.4.5\lib\</path>
         <kind>archive</kind>
         <file>rts430x_lc_rd_eabi.lib</file>
         <name>int31.obj</name>
      </input_file>
      <input_file id="fl-4c">
         <path>C:\ti\ccsv6\tools\compiler\ti-cgt-msp430_4.4.5\lib\</path>
         <kind>archive</kind>
         <file>rts430x_lc_rd_eabi.lib</file>
         <name>int32.obj</name>
      </input_file>
      <input_file id="fl-4d">
         <path>C:\ti\ccsv6\tools\compiler\ti-cgt-msp430_4.4.5\lib\</path>
         <kind>archive</kind>
         <file>rts430x_lc_rd_eabi.lib</file>
         <name>int33.obj</name>
      </input_file>
      <input_file id="fl-4e">
         <path>C:\ti\ccsv6\tools\compiler\ti-cgt-msp430_4.4.5\lib\</path>
         <kind>archive</kind>
         <file>rts430x_lc_rd_eabi.lib</file>
         <name>int34.obj</name>
      </input_file>
      <input_file id="fl-4f">
         <path>C:\ti\ccsv6\tools\compiler\ti-cgt-msp430_4.4.5\lib\</path>
         <kind>archive</kind>
         <file>rts430x_lc_rd_eabi.lib</file>
         <name>int35.obj</name>
      </input_file>
      <input_file id="fl-50">
         <path>C:\ti\ccsv6\tools\compiler\ti-cgt-msp430_4.4.5\lib\</path>
         <kind>archive</kind>
         <file>rts430x_lc_rd_eabi.lib</file>
         <name>int36.obj</name>
      </input_file>
      <input_file id="fl-51">
         <path>C:\ti\ccsv6\tools\compiler\ti-cgt-msp430_4.4.5\lib\</path>
         <kind>archive</kind>
         <file>rts430x_lc_rd_eabi.lib</file>
         <name>int37.obj</name>
      </input_file>
      <input_file id="fl-52">
         <path>C:\ti\ccsv6\tools\compiler\ti-cgt-msp430_4.4.5\lib\</path>
         <kind>archive</kind>
         <file>rts430x_lc_rd_eabi.lib</file>
         <name>int38.obj</name>
      </input_file>
      <input_file id="fl-53">
         <path>C:\ti\ccsv6\tools\compiler\ti-cgt-msp430_4.4.5\lib\</path>
         <kind>archive</kind>
         <file>rts430x_lc_rd_eabi.lib</file>
         <name>int41.obj</name>
      </input_file>
      <input_file id="fl-54">
         <path>C:\ti\ccsv6\tools\compiler\ti-cgt-msp430_4.4.5\lib\</path>
         <kind>archive</kind>
         <file>rts430x_lc_rd_eabi.lib</file>
         <name>int42.obj</name>
      </input_file>
      <input_file id="fl-55">
         <path>C:\ti\ccsv6\tools\compiler\ti-cgt-msp430_4.4.5\lib\</path>
         <kind>archive</kind>
         <file>rts430x_lc_rd_eabi.lib</file>
         <name>int43.obj</name>
      </input_file>
      <input_file id="fl-56">
         <path>C:\ti\ccsv6\tools\compiler\ti-cgt-msp430_4.4.5\lib\</path>
         <kind>archive</kind>
         <file>rts430x_lc_rd_eabi.lib</file>
         <name>int45.obj</name>
      </input_file>
      <input_file id="fl-57">
         <path>C:\ti\ccsv6\tools\compiler\ti-cgt-msp430_4.4.5\lib\</path>
         <kind>archive</kind>
         <file>rts430x_lc_rd_eabi.lib</file>
         <name>int46.obj</name>
      </input_file>
      <input_file id="fl-58">
         <path>C:\ti\ccsv6\tools\compiler\ti-cgt-msp430_4.4.5\lib\</path>
         <kind>archive</kind>
         <file>rts430x_lc_rd_eabi.lib</file>
         <name>int47.obj</name>
      </input_file>
      <input_file id="fl-59">
         <path>C:\ti\ccsv6\tools\compiler\ti-cgt-msp430_4.4.5\lib\</path>
         <kind>archive</kind>
         <file>rts430x_lc_rd_eabi.lib</file>
         <name>int49.obj</name>
      </input_file>
      <input_file id="fl-5a">
         <path>C:\ti\ccsv6\tools\compiler\ti-cgt-msp430_4.4.5\lib\</path>
         <kind>archive</kind>
         <file>rts430x_lc_rd_eabi.lib</file>
         <name>int50.obj</name>
      </input_file>
      <input_file id="fl-5b">
         <path>C:\ti\ccsv6\tools\compiler\ti-cgt-msp430_4.4.5\lib\</path>
         <kind>archive</kind>
         <file>rts430x_lc_rd_eabi.lib</file>
         <name>int51.obj</name>
      </input_file>
      <input_file id="fl-5c">
         <path>C:\ti\ccsv6\tools\compiler\ti-cgt-msp430_4.4.5\lib\</path>
         <kind>archive</kind>
         <file>rts430x_lc_rd_eabi.lib</file>
         <name>int52.obj</name>
      </input_file>
      <input_file id="fl-5d">
         <path>C:\ti\ccsv6\tools\compiler\ti-cgt-msp430_4.4.5\lib\</path>
         <kind>archive</kind>
         <file>rts430x_lc_rd_eabi.lib</file>
         <name>int53.obj</name>
      </input_file>
      <input_file id="fl-5e">
         <path>C:\ti\ccsv6\tools\compiler\ti-cgt-msp430_4.4.5\lib\</path>
         <kind>archive</kind>
         <file>rts430x_lc_rd_eabi.lib</file>
         <name>int54.obj</name>
      </input_file>
      <input_file id="fl-5f">
         <path>C:\ti\ccsv6\tools\compiler\ti-cgt-msp430_4.4.5\lib\</path>
         <kind>archive</kind>
         <file>rts430x_lc_rd_eabi.lib</file>
         <name>copy_zero_init.obj</name>
      </input_file>
      <input_file id="fl-60">
         <path>C:\ti\ccsv6\tools\compiler\ti-cgt-msp430_4.4.5\lib\</path>
         <kind>archive</kind>
         <file>rts430x_lc_rd_eabi.lib</file>
         <name>addd.obj</name>
      </input_file>
      <input_file id="fl-61">
         <path>C:\ti\ccsv6\tools\compiler\ti-cgt-msp430_4.4.5\lib\</path>
         <kind>archive</kind>
         <file>rts430x_lc_rd_eabi.lib</file>
         <name>frcaddd.obj</name>
      </input_file>
      <input_file id="fl-62">
         <path>C:\ti\ccsv6\tools\compiler\ti-cgt-msp430_4.4.5\lib\</path>
         <kind>archive</kind>
         <file>rts430x_lc_rd_eabi.lib</file>
         <name>renormd.obj</name>
      </input_file>
      <input_file id="fl-63">
         <path>C:\ti\ccsv6\tools\compiler\ti-cgt-msp430_4.4.5\lib\</path>
         <kind>archive</kind>
         <file>rts430x_lc_rd_eabi.lib</file>
         <name>cmpd.obj</name>
      </input_file>
      <input_file id="fl-64">
         <path>C:\ti\ccsv6\tools\compiler\ti-cgt-msp430_4.4.5\lib\</path>
         <kind>archive</kind>
         <file>rts430x_lc_rd_eabi.lib</file>
         <name>divd.obj</name>
      </input_file>
      <input_file id="fl-65">
         <path>C:\ti\ccsv6\tools\compiler\ti-cgt-msp430_4.4.5\lib\</path>
         <kind>archive</kind>
         <file>rts430x_lc_rd_eabi.lib</file>
         <name>frcdivd.obj</name>
      </input_file>
      <input_file id="fl-66">
         <path>C:\ti\ccsv6\tools\compiler\ti-cgt-msp430_4.4.5\lib\</path>
         <kind>archive</kind>
         <file>rts430x_lc_rd_eabi.lib</file>
         <name>div16s.obj</name>
      </input_file>
      <input_file id="fl-67">
         <path>C:\ti\ccsv6\tools\compiler\ti-cgt-msp430_4.4.5\lib\</path>
         <kind>archive</kind>
         <file>rts430x_lc_rd_eabi.lib</file>
         <name>div32s.obj</name>
      </input_file>
      <input_file id="fl-68">
         <path>C:\ti\ccsv6\tools\compiler\ti-cgt-msp430_4.4.5\lib\</path>
         <kind>archive</kind>
         <file>rts430x_lc_rd_eabi.lib</file>
         <name>div16u.obj</name>
      </input_file>
      <input_file id="fl-69">
         <path>C:\ti\ccsv6\tools\compiler\ti-cgt-msp430_4.4.5\lib\</path>
         <kind>archive</kind>
         <file>rts430x_lc_rd_eabi.lib</file>
         <name>div32u.obj</name>
      </input_file>
      <input_file id="fl-6a">
         <path>C:\ti\ccsv6\tools\compiler\ti-cgt-msp430_4.4.5\lib\</path>
         <kind>archive</kind>
         <file>rts430x_lc_rd_eabi.lib</file>
         <name>div64u.obj</name>
      </input_file>
      <input_file id="fl-6b">
         <path>C:\ti\ccsv6\tools\compiler\ti-cgt-msp430_4.4.5\lib\</path>
         <kind>archive</kind>
         <file>rts430x_lc_rd_eabi.lib</file>
         <name>fixdi.obj</name>
      </input_file>
      <input_file id="fl-6c">
         <path>C:\ti\ccsv6\tools\compiler\ti-cgt-msp430_4.4.5\lib\</path>
         <kind>archive</kind>
         <file>rts430x_lc_rd_eabi.lib</file>
         <name>fixdli.obj</name>
      </input_file>
      <input_file id="fl-6d">
         <path>C:\ti\ccsv6\tools\compiler\ti-cgt-msp430_4.4.5\lib\</path>
         <kind>archive</kind>
         <file>rts430x_lc_rd_eabi.lib</file>
         <name>fixdul.obj</name>
      </input_file>
      <input_file id="fl-6e">
         <path>C:\ti\ccsv6\tools\compiler\ti-cgt-msp430_4.4.5\lib\</path>
         <kind>archive</kind>
         <file>rts430x_lc_rd_eabi.lib</file>
         <name>fltid.obj</name>
      </input_file>
      <input_file id="fl-6f">
         <path>C:\ti\ccsv6\tools\compiler\ti-cgt-msp430_4.4.5\lib\</path>
         <kind>archive</kind>
         <file>rts430x_lc_rd_eabi.lib</file>
         <name>fltlid.obj</name>
      </input_file>
      <input_file id="fl-70">
         <path>C:\ti\ccsv6\tools\compiler\ti-cgt-msp430_4.4.5\lib\</path>
         <kind>archive</kind>
         <file>rts430x_lc_rd_eabi.lib</file>
         <name>fltuld.obj</name>
      </input_file>
      <input_file id="fl-71">
         <path>C:\ti\ccsv6\tools\compiler\ti-cgt-msp430_4.4.5\lib\</path>
         <kind>archive</kind>
         <file>rts430x_lc_rd_eabi.lib</file>
         <name>mpyd.obj</name>
      </input_file>
      <input_file id="fl-72">
         <path>C:\ti\ccsv6\tools\compiler\ti-cgt-msp430_4.4.5\lib\</path>
         <kind>archive</kind>
         <file>rts430x_lc_rd_eabi.lib</file>
         <name>frcmpyd.obj</name>
      </input_file>
      <input_file id="fl-73">
         <path>C:\ti\ccsv6\tools\compiler\ti-cgt-msp430_4.4.5\lib\</path>
         <kind>archive</kind>
         <file>rts430x_lc_rd_eabi.lib</file>
         <name>mult16.obj</name>
      </input_file>
      <input_file id="fl-74">
         <path>C:\ti\ccsv6\tools\compiler\ti-cgt-msp430_4.4.5\lib\</path>
         <kind>archive</kind>
         <file>rts430x_lc_rd_eabi.lib</file>
         <name>mult16_f5hw.obj</name>
      </input_file>
      <input_file id="fl-75">
         <path>C:\ti\ccsv6\tools\compiler\ti-cgt-msp430_4.4.5\lib\</path>
         <kind>archive</kind>
         <file>rts430x_lc_rd_eabi.lib</file>
         <name>mult32.obj</name>
      </input_file>
      <input_file id="fl-76">
         <path>C:\ti\ccsv6\tools\compiler\ti-cgt-msp430_4.4.5\lib\</path>
         <kind>archive</kind>
         <file>rts430x_lc_rd_eabi.lib</file>
         <name>mult32_f5hw.obj</name>
      </input_file>
      <input_file id="fl-77">
         <path>C:\ti\ccsv6\tools\compiler\ti-cgt-msp430_4.4.5\lib\</path>
         <kind>archive</kind>
         <file>rts430x_lc_rd_eabi.lib</file>
         <name>mult64.obj</name>
      </input_file>
      <input_file id="fl-78">
         <path>C:\ti\ccsv6\tools\compiler\ti-cgt-msp430_4.4.5\lib\</path>
         <kind>archive</kind>
         <file>rts430x_lc_rd_eabi.lib</file>
         <name>mult64_f5hw.obj</name>
      </input_file>
      <input_file id="fl-79">
         <path>C:\ti\ccsv6\tools\compiler\ti-cgt-msp430_4.4.5\lib\</path>
         <kind>archive</kind>
         <file>rts430x_lc_rd_eabi.lib</file>
         <name>mult1632_f5hw.obj</name>
      </input_file>
      <input_file id="fl-7a">
         <path>C:\ti\ccsv6\tools\compiler\ti-cgt-msp430_4.4.5\lib\</path>
         <kind>archive</kind>
         <file>rts430x_lc_rd_eabi.lib</file>
         <name>mult3264.obj</name>
      </input_file>
      <input_file id="fl-7b">
         <path>C:\ti\ccsv6\tools\compiler\ti-cgt-msp430_4.4.5\lib\</path>
         <kind>archive</kind>
         <file>rts430x_lc_rd_eabi.lib</file>
         <name>mult3264_f5hw.obj</name>
      </input_file>
      <input_file id="fl-7c">
         <path>C:\ti\ccsv6\tools\compiler\ti-cgt-msp430_4.4.5\lib\</path>
         <kind>archive</kind>
         <file>rts430x_lc_rd_eabi.lib</file>
         <name>mult1632.obj</name>
      </input_file>
      <input_file id="fl-7d">
         <path>C:\ti\ccsv6\tools\compiler\ti-cgt-msp430_4.4.5\lib\</path>
         <kind>archive</kind>
         <file>rts430x_lc_rd_eabi.lib</file>
         <name>negd.obj</name>
      </input_file>
      <input_file id="fl-7e">
         <path>C:\ti\ccsv6\tools\compiler\ti-cgt-msp430_4.4.5\lib\</path>
         <kind>archive</kind>
         <file>rts430x_lc_rd_eabi.lib</file>
         <name>lsl16.obj</name>
      </input_file>
      <input_file id="fl-7f">
         <path>C:\ti\ccsv6\tools\compiler\ti-cgt-msp430_4.4.5\lib\</path>
         <kind>archive</kind>
         <file>rts430x_lc_rd_eabi.lib</file>
         <name>lsl32.obj</name>
      </input_file>
      <input_file id="fl-80">
         <path>C:\ti\ccsv6\tools\compiler\ti-cgt-msp430_4.4.5\lib\</path>
         <kind>archive</kind>
         <file>rts430x_lc_rd_eabi.lib</file>
         <name>lsl64.obj</name>
      </input_file>
      <input_file id="fl-81">
         <path>C:\ti\ccsv6\tools\compiler\ti-cgt-msp430_4.4.5\lib\</path>
         <kind>archive</kind>
         <file>rts430x_lc_rd_eabi.lib</file>
         <name>asr32.obj</name>
      </input_file>
      <input_file id="fl-82">
         <path>C:\ti\ccsv6\tools\compiler\ti-cgt-msp430_4.4.5\lib\</path>
         <kind>archive</kind>
         <file>rts430x_lc_rd_eabi.lib</file>
         <name>lsr32.obj</name>
      </input_file>
      <input_file id="fl-83">
         <path>C:\ti\ccsv6\tools\compiler\ti-cgt-msp430_4.4.5\lib\</path>
         <kind>archive</kind>
         <file>rts430x_lc_rd_eabi.lib</file>
         <name>lsr64.obj</name>
      </input_file>
      <input_file id="fl-84">
         <path>C:\ti\ccsv6\tools\compiler\ti-cgt-msp430_4.4.5\lib\</path>
         <kind>archive</kind>
         <file>rts430x_lc_rd_eabi.lib</file>
         <name>subd.obj</name>
      </input_file>
      <input_file id="fl-85">
         <path>C:\ti\ccsv6\tools\compiler\ti-cgt-msp430_4.4.5\lib\</path>
         <kind>archive</kind>
         <file>rts430x_lc_rd_eabi.lib</file>
         <name>boot.obj</name>
      </input_file>
      <input_file id="fl-86">
         <path>C:\ti\ccsv6\tools\compiler\ti-cgt-msp430_4.4.5\lib\</path>
         <kind>archive</kind>
         <file>rts430x_lc_rd_eabi.lib</file>
         <name>args_main.obj</name>
      </input_file>
      <input_file id="fl-87">
         <path>C:\ti\ccsv6\tools\compiler\ti-cgt-msp430_4.4.5\lib\</path>
         <kind>archive</kind>
         <file>rts430x_lc_rd_eabi.lib</file>
         <name>autoinit_wdt.obj</name>
      </input_file>
      <input_file id="fl-88">
         <path>C:\ti\ccsv6\tools\compiler\ti-cgt-msp430_4.4.5\lib\</path>
         <kind>archive</kind>
         <file>rts430x_lc_rd_eabi.lib</file>
         <name>boot_special.obj</name>
      </input_file>
      <input_file id="fl-89">
         <path>C:\ti\ccsv6\ccs_base\msp430\lib\FR59xx\</path>
         <kind>archive</kind>
         <file>MSPMPU_INIT_LIB_CCS_msp430_large_code_restricted_data.lib</file>
         <name>mpu_init.o</name>
      </input_file>
      <input_file id="fl-8a">
         <path>C:\ti\ccsv6\tools\compiler\ti-cgt-msp430_4.4.5\lib\</path>
         <kind>archive</kind>
         <file>rts430x_lc_rd_eabi.lib</file>
         <name>pre_init.obj</name>
      </input_file>
      <input_file id="fl-8b">
         <path>C:\ti\ccsv6\tools\compiler\ti-cgt-msp430_4.4.5\lib\</path>
         <kind>archive</kind>
         <file>rts430x_lc_rd_eabi.lib</file>
         <name>exit.obj</name>
      </input_file>
      <input_file id="fl-8c">
         <path>C:\ti\ccsv6\tools\compiler\ti-cgt-msp430_4.4.5\lib\</path>
         <kind>archive</kind>
         <file>rts430x_lc_rd_eabi.lib</file>
         <name>exit_gvars.obj</name>
      </input_file>
      <input_file id="fl-8d">
         <path>C:\ti\ccsv6\tools\compiler\ti-cgt-msp430_4.4.5\lib\</path>
         <kind>archive</kind>
         <file>rts430x_lc_rd_eabi.lib</file>
         <name>_lock.obj</name>
      </input_file>
      <input_file id="fl-8e">
         <path>C:\ti\ccsv6\tools\compiler\ti-cgt-msp430_4.4.5\lib\</path>
         <kind>archive</kind>
         <file>rts430x_lc_rd_eabi.lib</file>
         <name>abs.obj</name>
      </input_file>
      <input_file id="fl-8f">
         <path>C:\ti\ccsv6\tools\compiler\ti-cgt-msp430_4.4.5\lib\</path>
         <kind>archive</kind>
         <file>rts430x_lc_rd_eabi.lib</file>
         <name>memory.obj</name>
      </input_file>
      <input_file id="fl-90">
         <path>C:\ti\ccsv6\tools\compiler\ti-cgt-msp430_4.4.5\lib\</path>
         <kind>archive</kind>
         <file>rts430x_lc_rd_eabi.lib</file>
         <name>memcpy.obj</name>
      </input_file>
      <input_file id="fl-91">
         <path>C:\ti\ccsv6\tools\compiler\ti-cgt-msp430_4.4.5\lib\</path>
         <kind>archive</kind>
         <file>rts430x_lc_rd_eabi.lib</file>
         <name>strlen.obj</name>
      </input_file>
   </input_file_list>
   <object_component_list>
      <object_component id="oc-70c">
         <name>.sysmem</name>
         <load_address>0x4400</load_address>
         <run_address>0x4400</run_address>
         <size>0x0</size>
      </object_component>
      <object_component id="oc-d7">
         <name>.sysmem</name>
         <load_address>0x4400</load_address>
         <run_address>0x4400</run_address>
         <size>0x6</size>
         <input_file_ref idref="fl-8f"/>
      </object_component>
      <object_component id="oc-70a">
         <name>.cinit..data.load</name>
         <load_address>0x4800</load_address>
         <run_address>0x4800</run_address>
         <size>0x32</size>
      </object_component>
      <object_component id="oc-707">
         <name>__TI_handler_table</name>
         <load_address>0x4834</load_address>
         <run_address>0x4834</run_address>
         <size>0xc</size>
      </object_component>
      <object_component id="oc-709">
         <name>.cinit..bss.load</name>
         <load_address>0x4840</load_address>
         <run_address>0x4840</run_address>
         <size>0x6</size>
      </object_component>
      <object_component id="oc-708">
         <name>__TI_cinit_table</name>
         <load_address>0x4846</load_address>
         <run_address>0x4846</run_address>
         <size>0x10</size>
      </object_component>
      <object_component id="oc-d2">
         <name>.init_array</name>
         <load_address>0x4856</load_address>
         <run_address>0x4856</run_address>
         <size>0x4</size>
         <input_file_ref idref="fl-a"/>
      </object_component>
      <object_component id="oc-4df">
         <name>.const:.string:font</name>
         <load_address>0x485a</load_address>
         <run_address>0x485a</run_address>
         <size>0x4fb</size>
         <input_file_ref idref="fl-3"/>
      </object_component>
      <object_component id="oc-28f">
         <name>.const:.string</name>
         <load_address>0x4d56</load_address>
         <run_address>0x4d56</run_address>
         <size>0x116</size>
         <input_file_ref idref="fl-2"/>
      </object_component>
      <object_component id="oc-17e">
         <name>.const:.string</name>
         <load_address>0x4e6c</load_address>
         <run_address>0x4e6c</run_address>
         <size>0xf0</size>
         <input_file_ref idref="fl-a"/>
      </object_component>
      <object_component id="oc-69b">
         <name>.const:.typeinfo:_ZTSN10__cxxabiv120__si_class_type_infoE</name>
         <load_address>0x4f5c</load_address>
         <run_address>0x4f5c</run_address>
         <size>0x25</size>
         <input_file_ref idref="fl-45"/>
      </object_component>
      <object_component id="oc-651">
         <name>.const:.typeinfo:_ZTSN10__cxxabiv117__class_type_infoE</name>
         <load_address>0x4f82</load_address>
         <run_address>0x4f82</run_address>
         <size>0x22</size>
         <input_file_ref idref="fl-45"/>
      </object_component>
      <object_component id="oc-58d">
         <name>.const:.string</name>
         <load_address>0x4fa4</load_address>
         <run_address>0x4fa4</run_address>
         <size>0x10</size>
         <input_file_ref idref="fl-7"/>
      </object_component>
      <object_component id="oc-41d">
         <name>.const:_ZTV6Enrf24</name>
         <load_address>0x4fb4</load_address>
         <run_address>0x4fb4</run_address>
         <size>0x10</size>
         <input_file_ref idref="fl-4"/>
      </object_component>
      <object_component id="oc-5f4">
         <name>.const:_ZTVN10__cxxabiv117__class_type_infoE</name>
         <load_address>0x4fc4</load_address>
         <run_address>0x4fc4</run_address>
         <size>0x10</size>
         <input_file_ref idref="fl-45"/>
      </object_component>
      <object_component id="oc-64c">
         <name>.const:_ZTVN10__cxxabiv120__si_class_type_infoE</name>
         <load_address>0x4fd4</load_address>
         <run_address>0x4fd4</run_address>
         <size>0x10</size>
         <input_file_ref idref="fl-45"/>
      </object_component>
      <object_component id="oc-68e">
         <name>.const:.typeinfo:_ZTSSt9type_info</name>
         <load_address>0x4fe4</load_address>
         <run_address>0x4fe4</run_address>
         <size>0xd</size>
         <input_file_ref idref="fl-45"/>
      </object_component>
      <object_component id="oc-626">
         <name>.const:.typeinfo:_ZTIN10__cxxabiv117__class_type_infoE</name>
         <load_address>0x4ff2</load_address>
         <run_address>0x4ff2</run_address>
         <size>0xc</size>
         <input_file_ref idref="fl-45"/>
      </object_component>
      <object_component id="oc-67e">
         <name>.const:.typeinfo:_ZTIN10__cxxabiv120__si_class_type_infoE</name>
         <load_address>0x4ffe</load_address>
         <run_address>0x4ffe</run_address>
         <size>0xc</size>
         <input_file_ref idref="fl-45"/>
      </object_component>
      <object_component id="oc-410">
         <name>.const:port_to_dir</name>
         <load_address>0x500a</load_address>
         <run_address>0x500a</run_address>
         <size>0xc</size>
         <input_file_ref idref="fl-2"/>
      </object_component>
      <object_component id="oc-422">
         <name>.const:port_to_dir</name>
         <load_address>0x5016</load_address>
         <run_address>0x5016</run_address>
         <size>0xc</size>
         <input_file_ref idref="fl-4"/>
      </object_component>
      <object_component id="oc-416">
         <name>.const:port_to_input</name>
         <load_address>0x5022</load_address>
         <run_address>0x5022</run_address>
         <size>0xc</size>
         <input_file_ref idref="fl-2"/>
      </object_component>
      <object_component id="oc-428">
         <name>.const:port_to_input</name>
         <load_address>0x502e</load_address>
         <run_address>0x502e</run_address>
         <size>0xc</size>
         <input_file_ref idref="fl-4"/>
      </object_component>
      <object_component id="oc-419">
         <name>.const:port_to_output</name>
         <load_address>0x503a</load_address>
         <run_address>0x503a</run_address>
         <size>0xc</size>
         <input_file_ref idref="fl-2"/>
      </object_component>
      <object_component id="oc-425">
         <name>.const:port_to_output</name>
         <load_address>0x5046</load_address>
         <run_address>0x5046</run_address>
         <size>0xc</size>
         <input_file_ref idref="fl-4"/>
      </object_component>
      <object_component id="oc-413">
         <name>.const:port_to_ren</name>
         <load_address>0x5052</load_address>
         <run_address>0x5052</run_address>
         <size>0xc</size>
         <input_file_ref idref="fl-2"/>
      </object_component>
      <object_component id="oc-42b">
         <name>.const:port_to_ren</name>
         <load_address>0x505e</load_address>
         <run_address>0x505e</run_address>
         <size>0xc</size>
         <input_file_ref idref="fl-4"/>
      </object_component>
      <object_component id="oc-561">
         <name>.const:.typeinfo:_ZTI6Enrf24</name>
         <load_address>0x506a</load_address>
         <run_address>0x506a</run_address>
         <size>0x8</size>
         <input_file_ref idref="fl-4"/>
      </object_component>
      <object_component id="oc-656">
         <name>.const:.typeinfo:_ZTISt9type_info</name>
         <load_address>0x5072</load_address>
         <run_address>0x5072</run_address>
         <size>0x8</size>
         <input_file_ref idref="fl-45"/>
      </object_component>
      <object_component id="oc-5f9">
         <name>.const:.typeinfo:_ZTS6Enrf24</name>
         <load_address>0x507a</load_address>
         <run_address>0x507a</run_address>
         <size>0x8</size>
         <input_file_ref idref="fl-4"/>
      </object_component>
      <object_component id="oc-3ff">
         <name>.const:.string:txaddr</name>
         <load_address>0x5082</load_address>
         <run_address>0x5082</run_address>
         <size>0x5</size>
         <input_file_ref idref="fl-a"/>
      </object_component>
      <object_component id="oc-105">
         <name>.text:_isr:_Z10TIMER0_ISRv</name>
         <load_address>0x5400</load_address>
         <run_address>0x5400</run_address>
         <size>0x5b2</size>
         <input_file_ref idref="fl-a"/>
      </object_component>
      <object_component id="oc-1b7">
         <name>.text:_ZN6A2235H11request_GGAEv</name>
         <load_address>0x59b2</load_address>
         <run_address>0x59b2</run_address>
         <size>0x58a</size>
         <input_file_ref idref="fl-2"/>
      </object_component>
      <object_component id="oc-299">
         <name>.text:find_volume</name>
         <load_address>0x5f3c</load_address>
         <run_address>0x5f3c</run_address>
         <size>0x4f4</size>
         <input_file_ref idref="fl-7"/>
      </object_component>
      <object_component id="oc-3a4">
         <name>.text:__mspabi_divull</name>
         <load_address>0x6430</load_address>
         <run_address>0x6430</run_address>
         <size>0x39a</size>
         <input_file_ref idref="fl-6a"/>
      </object_component>
      <object_component id="oc-1d6">
         <name>.text:_Z5spliti</name>
         <load_address>0x67ca</load_address>
         <run_address>0x67ca</run_address>
         <size>0x2d6</size>
         <input_file_ref idref="fl-a"/>
      </object_component>
      <object_component id="oc-1d0">
         <name>.text:f_write</name>
         <load_address>0x6aa0</load_address>
         <run_address>0x6aa0</run_address>
         <size>0x254</size>
         <input_file_ref idref="fl-7"/>
      </object_component>
      <object_component id="oc-1f7">
         <name>.text:_ZN6MS580310readSensorEv</name>
         <load_address>0x6cf4</load_address>
         <run_address>0x6cf4</run_address>
         <size>0x224</size>
         <input_file_ref idref="fl-5"/>
      </object_component>
      <object_component id="oc-1e6">
         <name>.text:_Z16split_coordinatev</name>
         <load_address>0x6f18</load_address>
         <run_address>0x6f18</run_address>
         <size>0x210</size>
         <input_file_ref idref="fl-a"/>
      </object_component>
      <object_component id="oc-17f">
         <name>.text:f_open</name>
         <load_address>0x7128</load_address>
         <run_address>0x7128</run_address>
         <size>0x20c</size>
         <input_file_ref idref="fl-7"/>
      </object_component>
      <object_component id="oc-f9">
         <name>.text:_isr:_Z9PORT1_ISRv</name>
         <load_address>0x7334</load_address>
         <run_address>0x7334</run_address>
         <size>0x1b4</size>
         <input_file_ref idref="fl-a"/>
      </object_component>
      <object_component id="oc-19e">
         <name>.text:f_read</name>
         <load_address>0x74e8</load_address>
         <run_address>0x74e8</run_address>
         <size>0x198</size>
         <input_file_ref idref="fl-7"/>
      </object_component>
      <object_component id="oc-45c">
         <name>.text:create_name</name>
         <load_address>0x7680</load_address>
         <run_address>0x7680</run_address>
         <size>0x196</size>
         <input_file_ref idref="fl-7"/>
      </object_component>
      <object_component id="oc-47e">
         <name>.text:put_fat</name>
         <load_address>0x7816</load_address>
         <run_address>0x7816</run_address>
         <size>0x190</size>
         <input_file_ref idref="fl-7"/>
      </object_component>
      <object_component id="oc-59b">
         <name>.text:dir_next</name>
         <load_address>0x79a6</load_address>
         <run_address>0x79a6</run_address>
         <size>0x176</size>
         <input_file_ref idref="fl-7"/>
      </object_component>
      <object_component id="oc-3d4">
         <name>.text:_ZN16Adafruit_SSD13065beginEhh</name>
         <load_address>0x7b1c</load_address>
         <run_address>0x7b1c</run_address>
         <size>0x166</size>
         <input_file_ref idref="fl-3"/>
      </object_component>
      <object_component id="oc-177">
         <name>.text:_ZN6A2235H5startEv</name>
         <load_address>0x7c82</load_address>
         <run_address>0x7c82</run_address>
         <size>0x158</size>
         <input_file_ref idref="fl-2"/>
      </object_component>
      <object_component id="oc-198">
         <name>.text:_ZN6Enrf245flushEv</name>
         <load_address>0x7dda</load_address>
         <run_address>0x7dda</run_address>
         <size>0x150</size>
         <input_file_ref idref="fl-4"/>
      </object_component>
      <object_component id="oc-323">
         <name>.text:get_fat</name>
         <load_address>0x7f2a</load_address>
         <run_address>0x7f2a</run_address>
         <size>0x148</size>
         <input_file_ref idref="fl-7"/>
      </object_component>
      <object_component id="oc-449">
         <name>.text:disk_initialize</name>
         <load_address>0x8072</load_address>
         <run_address>0x8072</run_address>
         <size>0x142</size>
         <input_file_ref idref="fl-6"/>
      </object_component>
      <object_component id="oc-351">
         <name>.text:_ZN16Adafruit_SSD13068drawCharEiihjjh</name>
         <load_address>0x81b4</load_address>
         <run_address>0x81b4</run_address>
         <size>0x132</size>
         <input_file_ref idref="fl-3"/>
      </object_component>
      <object_component id="oc-3f9">
         <name>.text:_ZN6Enrf245beginEmh</name>
         <load_address>0x82e6</load_address>
         <run_address>0x82e6</run_address>
         <size>0x12a</size>
         <input_file_ref idref="fl-4"/>
      </object_component>
      <object_component id="oc-358">
         <name>.text:create_chain</name>
         <load_address>0x8410</load_address>
         <run_address>0x8410</run_address>
         <size>0x128</size>
         <input_file_ref idref="fl-7"/>
      </object_component>
      <object_component id="oc-381">
         <name>.text:_ZN6MS580312ms5803CmdAdcEh</name>
         <load_address>0x8538</load_address>
         <run_address>0x8538</run_address>
         <size>0x124</size>
         <input_file_ref idref="fl-5"/>
      </object_component>
      <object_component id="oc-1bd">
         <name>.text:_ZN6A2235H11request_RMCEv</name>
         <load_address>0x865c</load_address>
         <run_address>0x865c</run_address>
         <size>0x110</size>
         <input_file_ref idref="fl-2"/>
      </object_component>
      <object_component id="oc-468">
         <name>.text:dir_sdi</name>
         <load_address>0x876c</load_address>
         <run_address>0x876c</run_address>
         <size>0xfe</size>
         <input_file_ref idref="fl-7"/>
      </object_component>
      <object_component id="oc-5a6">
         <name>.text:disk_ioctl</name>
         <load_address>0x886a</load_address>
         <run_address>0x886a</run_address>
         <size>0xfc</size>
         <input_file_ref idref="fl-6"/>
      </object_component>
      <object_component id="oc-249">
         <name>.text:_ZN6Enrf24C1Ehhhhhh</name>
         <load_address>0x8966</load_address>
         <run_address>0x8966</run_address>
         <size>0xfa</size>
         <input_file_ref idref="fl-4"/>
      </object_component>
      <object_component id="oc-489">
         <name>.text:sync_fs</name>
         <load_address>0x8a60</load_address>
         <run_address>0x8a60</run_address>
         <size>0xf6</size>
         <input_file_ref idref="fl-7"/>
      </object_component>
      <object_component id="oc-22f">
         <name>.text:_Z4initv</name>
         <load_address>0x8b56</load_address>
         <run_address>0x8b56</run_address>
         <size>0xe0</size>
         <input_file_ref idref="fl-a"/>
      </object_component>
      <object_component id="oc-4e8">
         <name>.text:_ZN16Adafruit_SSD13069drawPixelEiij</name>
         <load_address>0x8c36</load_address>
         <run_address>0x8c36</run_address>
         <size>0xca</size>
         <input_file_ref idref="fl-3"/>
      </object_component>
      <object_component id="oc-61b">
         <name>.text:_ZN16Adafruit_SSD13068drawLineEiiiij</name>
         <load_address>0x8d00</load_address>
         <run_address>0x8d00</run_address>
         <size>0xb8</size>
         <input_file_ref idref="fl-3"/>
      </object_component>
      <object_component id="oc-4c5">
         <name>.text:send_cmd</name>
         <load_address>0x8db8</load_address>
         <run_address>0x8db8</run_address>
         <size>0xb8</size>
         <input_file_ref idref="fl-6"/>
      </object_component>
      <object_component id="oc-2f3">
         <name>.text:_ZN6Enrf2416_maintenanceHookEv</name>
         <load_address>0x8e70</load_address>
         <run_address>0x8e70</run_address>
         <size>0xb6</size>
         <input_file_ref idref="fl-4"/>
      </object_component>
      <object_component id="oc-1c9">
         <name>.text:_ZN16Adafruit_SSD13065writeEPc</name>
         <load_address>0x8f26</load_address>
         <run_address>0x8f26</run_address>
         <size>0xb4</size>
         <input_file_ref idref="fl-3"/>
      </object_component>
      <object_component id="oc-364">
         <name>.text:disk_write</name>
         <load_address>0x8fda</load_address>
         <run_address>0x8fda</run_address>
         <size>0xac</size>
         <input_file_ref idref="fl-6"/>
      </object_component>
      <object_component id="oc-2b7">
         <name>.text:remove_chain</name>
         <load_address>0x9086</load_address>
         <run_address>0x9086</run_address>
         <size>0x9c</size>
         <input_file_ref idref="fl-7"/>
      </object_component>
      <object_component id="oc-29f">
         <name>.text:follow_path</name>
         <load_address>0x9122</load_address>
         <run_address>0x9122</run_address>
         <size>0x9a</size>
         <input_file_ref idref="fl-7"/>
      </object_component>
      <object_component id="oc-2d6">
         <name>.text:f_sync</name>
         <load_address>0x91bc</load_address>
         <run_address>0x91bc</run_address>
         <size>0x98</size>
         <input_file_ref idref="fl-7"/>
      </object_component>
      <object_component id="oc-693">
         <name>.text:free</name>
         <load_address>0x9254</load_address>
         <run_address>0x9254</run_address>
         <size>0x8e</size>
         <input_file_ref idref="fl-8f"/>
      </object_component>
      <object_component id="oc-44f">
         <name>.text:check_fs</name>
         <load_address>0x92e2</load_address>
         <run_address>0x92e2</run_address>
         <size>0x86</size>
         <input_file_ref idref="fl-7"/>
      </object_component>
      <object_component id="oc-35e">
         <name>.text:sync_window</name>
         <load_address>0x9368</load_address>
         <run_address>0x9368</run_address>
         <size>0x86</size>
         <input_file_ref idref="fl-7"/>
      </object_component>
      <object_component id="oc-3f3">
         <name>.text:f_mount</name>
         <load_address>0x93ee</load_address>
         <run_address>0x93ee</run_address>
         <size>0x84</size>
         <input_file_ref idref="fl-7"/>
      </object_component>
      <object_component id="oc-32f">
         <name>.text:disk_read</name>
         <load_address>0x9472</load_address>
         <run_address>0x9472</run_address>
         <size>0x7c</size>
         <input_file_ref idref="fl-6"/>
      </object_component>
      <object_component id="oc-51b">
         <name>.text:_ZN6MS580321ms5803ReadCoefficientEh</name>
         <load_address>0x94ee</load_address>
         <run_address>0x94ee</run_address>
         <size>0x78</size>
         <input_file_ref idref="fl-5"/>
      </object_component>
      <object_component id="oc-20c">
         <name>.text:_ZN16Adafruit_SSD13067displayEv</name>
         <load_address>0x9566</load_address>
         <run_address>0x9566</run_address>
         <size>0x72</size>
         <input_file_ref idref="fl-3"/>
      </object_component>
      <object_component id="oc-521">
         <name>.text:_ZN6MS580310ms5803CRC4EPj</name>
         <load_address>0x95d8</load_address>
         <run_address>0x95d8</run_address>
         <size>0x6e</size>
         <input_file_ref idref="fl-5"/>
      </object_component>
      <object_component id="oc-11e">
         <name>.text:_auto_init_hold_wdt</name>
         <load_address>0x9646</load_address>
         <run_address>0x9646</run_address>
         <size>0x6c</size>
         <input_file_ref idref="fl-87"/>
      </object_component>
      <object_component id="oc-e7">
         <name>.text:__TI_decompress_rle_core</name>
         <load_address>0x96b2</load_address>
         <run_address>0x96b2</run_address>
         <size>0x68</size>
         <input_file_ref idref="fl-48"/>
      </object_component>
      <object_component id="oc-46f">
         <name>.text:dir_alloc</name>
         <load_address>0x971a</load_address>
         <run_address>0x971a</run_address>
         <size>0x5c</size>
         <input_file_ref idref="fl-7"/>
      </object_component>
      <object_component id="oc-39f">
         <name>.text:__mpyll</name>
         <load_address>0x9776</load_address>
         <run_address>0x9776</run_address>
         <size>0x5a</size>
         <input_file_ref idref="fl-78"/>
      </object_component>
      <object_component id="oc-462">
         <name>.text:dir_find</name>
         <load_address>0x97d0</load_address>
         <run_address>0x97d0</run_address>
         <size>0x5a</size>
         <input_file_ref idref="fl-7"/>
      </object_component>
      <object_component id="oc-37a">
         <name>.text</name>
         <load_address>0x982a</load_address>
         <run_address>0x982a</run_address>
         <size>0x58</size>
         <input_file_ref idref="fl-69"/>
      </object_component>
      <object_component id="oc-4f1">
         <name>.text:xmit_datablock</name>
         <load_address>0x9882</load_address>
         <run_address>0x9882</run_address>
         <size>0x58</size>
         <input_file_ref idref="fl-6"/>
      </object_component>
      <object_component id="oc-1a4">
         <name>.text:_ZN6Enrf2410radioStateEv</name>
         <load_address>0x98da</load_address>
         <run_address>0x98da</run_address>
         <size>0x56</size>
         <input_file_ref idref="fl-4"/>
      </object_component>
      <object_component id="oc-243">
         <name>.text:_ZN6A2235HC1Ehh</name>
         <load_address>0x9930</load_address>
         <run_address>0x9930</run_address>
         <size>0x54</size>
         <input_file_ref idref="fl-2"/>
      </object_component>
      <object_component id="oc-43c">
         <name>.text:get_ldnumber</name>
         <load_address>0x9984</load_address>
         <run_address>0x9984</run_address>
         <size>0x54</size>
         <input_file_ref idref="fl-7"/>
      </object_component>
      <object_component id="oc-4a6">
         <name>.text:_ZN6Enrf2415_readCmdPayloadEhPhjj</name>
         <load_address>0x99d8</load_address>
         <run_address>0x99d8</run_address>
         <size>0x52</size>
         <input_file_ref idref="fl-4"/>
      </object_component>
      <object_component id="oc-14c">
         <name>.text:__sti___8_main_cpp_display</name>
         <load_address>0x9a2a</load_address>
         <run_address>0x9a2a</run_address>
         <size>0x52</size>
         <input_file_ref idref="fl-a"/>
      </object_component>
      <object_component id="oc-2bd">
         <name>.text:move_window</name>
         <load_address>0x9a7c</load_address>
         <run_address>0x9a7c</run_address>
         <size>0x52</size>
         <input_file_ref idref="fl-7"/>
      </object_component>
      <object_component id="oc-4cb">
         <name>.text:rcvr_datablock</name>
         <load_address>0x9ace</load_address>
         <run_address>0x9ace</run_address>
         <size>0x52</size>
         <input_file_ref idref="fl-6"/>
      </object_component>
      <object_component id="oc-2a5">
         <name>.text:dir_register</name>
         <load_address>0x9b20</load_address>
         <run_address>0x9b20</run_address>
         <size>0x4e</size>
         <input_file_ref idref="fl-7"/>
      </object_component>
      <object_component id="oc-4ae">
         <name>.text:_ZN6Enrf2416_readRegMultiLSBEhPhj</name>
         <load_address>0x9b6e</load_address>
         <run_address>0x9b6e</run_address>
         <size>0x4c</size>
         <input_file_ref idref="fl-4"/>
      </object_component>
      <object_component id="oc-536">
         <name>.text:_ZN6Enrf248setSpeedEm</name>
         <load_address>0x9bba</load_address>
         <run_address>0x9bba</run_address>
         <size>0x4c</size>
         <input_file_ref idref="fl-4"/>
      </object_component>
      <object_component id="oc-4b5">
         <name>.text:_ZN6Enrf2417_writeRegMultiLSBEhPhj</name>
         <load_address>0x9c06</load_address>
         <run_address>0x9c06</run_address>
         <size>0x4a</size>
         <input_file_ref idref="fl-4"/>
      </object_component>
      <object_component id="oc-53c">
         <name>.text:_ZN6Enrf2410setTXpowerEa</name>
         <load_address>0x9c50</load_address>
         <run_address>0x9c50</run_address>
         <size>0x48</size>
         <input_file_ref idref="fl-4"/>
      </object_component>
      <object_component id="oc-3ec">
         <name>.text:_ZN6A2235H10initializeEv</name>
         <load_address>0x9c98</load_address>
         <run_address>0x9c98</run_address>
         <size>0x44</size>
         <input_file_ref idref="fl-2"/>
      </object_component>
      <object_component id="oc-3e6">
         <name>.text:_ZN6MS580316initializeSensorEv</name>
         <load_address>0x9cdc</load_address>
         <run_address>0x9cdc</run_address>
         <size>0x40</size>
         <input_file_ref idref="fl-5"/>
      </object_component>
      <object_component id="oc-1ed">
         <name>.text</name>
         <load_address>0x9d1c</load_address>
         <run_address>0x9d1c</run_address>
         <size>0x40</size>
         <input_file_ref idref="fl-67"/>
      </object_component>
      <object_component id="oc-311">
         <name>.text:_ZN6Enrf2416_issueCmdPayloadEhPhj</name>
         <load_address>0x9d5c</load_address>
         <run_address>0x9d5c</run_address>
         <size>0x3e</size>
         <input_file_ref idref="fl-4"/>
      </object_component>
      <object_component id="oc-317">
         <name>.text:_ZN6Enrf248enableRXEv</name>
         <load_address>0x9d9a</load_address>
         <run_address>0x9d9a</run_address>
         <size>0x3e</size>
         <input_file_ref idref="fl-4"/>
      </object_component>
      <object_component id="oc-329">
         <name>.text:clust2sect</name>
         <load_address>0x9dd8</load_address>
         <run_address>0x9dd8</run_address>
         <size>0x3e</size>
         <input_file_ref idref="fl-7"/>
      </object_component>
      <object_component id="oc-2c3">
         <name>.text:l_lsl_const</name>
         <load_address>0x9e16</load_address>
         <run_address>0x9e16</run_address>
         <size>0x3e</size>
         <input_file_ref idref="fl-7f"/>
      </object_component>
      <object_component id="oc-31e">
         <name>.text:l_lsr_const</name>
         <load_address>0x9e54</load_address>
         <run_address>0x9e54</run_address>
         <size>0x3e</size>
         <input_file_ref idref="fl-82"/>
      </object_component>
      <object_component id="oc-639">
         <name>.text:spi_bitbang_inout</name>
         <load_address>0x9e92</load_address>
         <run_address>0x9e92</run_address>
         <size>0x3e</size>
         <input_file_ref idref="fl-9"/>
      </object_component>
      <object_component id="oc-614">
         <name>.text:spiSendFrame</name>
         <load_address>0x9ed0</load_address>
         <run_address>0x9ed0</run_address>
         <size>0x3c</size>
         <input_file_ref idref="fl-9"/>
      </object_component>
      <object_component id="oc-38e">
         <name>.text:__mspabi_sllll</name>
         <load_address>0x9f0c</load_address>
         <run_address>0x9f0c</run_address>
         <size>0x3a</size>
         <input_file_ref idref="fl-80"/>
      </object_component>
      <object_component id="oc-399">
         <name>.text:__mspabi_srlll</name>
         <load_address>0x9f46</load_address>
         <run_address>0x9f46</run_address>
         <size>0x3a</size>
         <input_file_ref idref="fl-83"/>
      </object_component>
      <object_component id="oc-3ad">
         <name>.text:_ZN16Adafruit_SSD130615ssd1306_commandEh</name>
         <load_address>0x9f80</load_address>
         <run_address>0x9f80</run_address>
         <size>0x38</size>
         <input_file_ref idref="fl-3"/>
      </object_component>
      <object_component id="oc-4e2">
         <name>.text:_ZN16Adafruit_SSD13068fillRectEiiiij</name>
         <load_address>0x9fb8</load_address>
         <run_address>0x9fb8</run_address>
         <size>0x38</size>
         <input_file_ref idref="fl-3"/>
      </object_component>
      <object_component id="oc-5e0">
         <name>.text:wait_ready</name>
         <load_address>0x9ff0</load_address>
         <run_address>0x9ff0</run_address>
         <size>0x38</size>
         <input_file_ref idref="fl-6"/>
      </object_component>
      <object_component id="oc-237">
         <name>.text:_ZN16Adafruit_SSD1306C1Eii</name>
         <load_address>0xa028</load_address>
         <run_address>0xa028</run_address>
         <size>0x36</size>
         <input_file_ref idref="fl-3"/>
      </object_component>
      <object_component id="oc-515">
         <name>.text:_ZN6MS580311resetSensorEv</name>
         <load_address>0xa05e</load_address>
         <run_address>0xa05e</run_address>
         <size>0x36</size>
         <input_file_ref idref="fl-5"/>
      </object_component>
      <object_component id="oc-2dc">
         <name>.text:validate</name>
         <load_address>0xa094</load_address>
         <run_address>0xa094</run_address>
         <size>0x36</size>
         <input_file_ref idref="fl-7"/>
      </object_component>
      <object_component id="oc-603">
         <name>.text:spiReadFrame</name>
         <load_address>0xa0ca</load_address>
         <run_address>0xa0ca</run_address>
         <size>0x34</size>
         <input_file_ref idref="fl-9"/>
      </object_component>
      <object_component id="oc-54e">
         <name>.text:_ZN6Enrf246setCRCEhh</name>
         <load_address>0xa0fe</load_address>
         <run_address>0xa0fe</run_address>
         <size>0x32</size>
         <input_file_ref idref="fl-4"/>
      </object_component>
      <object_component id="oc-2ab">
         <name>.text:ld_clust</name>
         <load_address>0xa130</load_address>
         <run_address>0xa130</run_address>
         <size>0x30</size>
         <input_file_ref idref="fl-7"/>
      </object_component>
      <object_component id="oc-548">
         <name>.text:_ZN6Enrf2416setAddressLengthEj</name>
         <load_address>0xa160</load_address>
         <run_address>0xa160</run_address>
         <size>0x2e</size>
         <input_file_ref idref="fl-4"/>
      </object_component>
      <object_component id="oc-30b">
         <name>.text:_ZN6Enrf249_writeRegEhh</name>
         <load_address>0xa18e</load_address>
         <run_address>0xa18e</run_address>
         <size>0x2e</size>
         <input_file_ref idref="fl-4"/>
      </object_component>
      <object_component id="oc-542">
         <name>.text:_ZN6Enrf2416setAutoAckParamsEhj</name>
         <load_address>0xa1bc</load_address>
         <run_address>0xa1bc</run_address>
         <size>0x2c</size>
         <input_file_ref idref="fl-4"/>
      </object_component>
      <object_component id="oc-52a">
         <name>.text:_ZN6Enrf249deepsleepEv</name>
         <load_address>0xa1e8</load_address>
         <run_address>0xa1e8</run_address>
         <size>0x2c</size>
         <input_file_ref idref="fl-4"/>
      </object_component>
      <object_component id="oc-1ff">
         <name>.text</name>
         <load_address>0xa214</load_address>
         <run_address>0xa214</run_address>
         <size>0x2c</size>
         <input_file_ref idref="fl-66"/>
      </object_component>
      <object_component id="oc-290">
         <name>.text:_ZN6A2235H8send_comEPc</name>
         <load_address>0xa240</load_address>
         <run_address>0xa240</run_address>
         <size>0x2a</size>
         <input_file_ref idref="fl-2"/>
      </object_component>
      <object_component id="oc-394">
         <name>.text:__mpysll</name>
         <load_address>0xa26a</load_address>
         <run_address>0xa26a</run_address>
         <size>0x2a</size>
         <input_file_ref idref="fl-7b"/>
      </object_component>
      <object_component id="oc-566">
         <name>.text:_ZN6Enrf245writeEh</name>
         <load_address>0xa294</load_address>
         <run_address>0xa294</run_address>
         <size>0x26</size>
         <input_file_ref idref="fl-4"/>
      </object_component>
      <object_component id="oc-2ed">
         <name>.text:_ZN6Enrf248_readRegEh</name>
         <load_address>0xa2ba</load_address>
         <run_address>0xa2ba</run_address>
         <size>0x26</size>
         <input_file_ref idref="fl-4"/>
      </object_component>
      <object_component id="oc-56c">
         <name>.text:_ZN6Enrf245writeEPKhj</name>
         <load_address>0xa2e0</load_address>
         <run_address>0xa2e0</run_address>
         <size>0x24</size>
         <input_file_ref idref="fl-4"/>
      </object_component>
      <object_component id="oc-90">
         <name>.text:decompress:ZI:__TI_zero_init</name>
         <load_address>0xa304</load_address>
         <run_address>0xa304</run_address>
         <size>0x24</size>
         <input_file_ref idref="fl-5f"/>
      </object_component>
      <object_component id="oc-5b5">
         <name>.text:select</name>
         <load_address>0xa328</load_address>
         <run_address>0xa328</run_address>
         <size>0x24</size>
         <input_file_ref idref="fl-6"/>
      </object_component>
      <object_component id="oc-1f2">
         <name>.text</name>
         <load_address>0xa34c</load_address>
         <run_address>0xa34c</run_address>
         <size>0x22</size>
         <input_file_ref idref="fl-76"/>
      </object_component>
      <object_component id="oc-5c6">
         <name>.text:_ZN16Adafruit_SSD130613drawFastVLineEiiij</name>
         <load_address>0xa36e</load_address>
         <run_address>0xa36e</run_address>
         <size>0x20</size>
         <input_file_ref idref="fl-3"/>
      </object_component>
      <object_component id="oc-2f9">
         <name>.text:_ZN6Enrf249_issueCmdEh</name>
         <load_address>0xa38e</load_address>
         <run_address>0xa38e</run_address>
         <size>0x20</size>
         <input_file_ref idref="fl-4"/>
      </object_component>
      <object_component id="oc-18c">
         <name>.text:f_close</name>
         <load_address>0xa3ae</load_address>
         <run_address>0xa3ae</run_address>
         <size>0x20</size>
         <input_file_ref idref="fl-7"/>
      </object_component>
      <object_component id="oc-2e3">
         <name>.text:_ZN6Enrf245writeEPKc</name>
         <load_address>0xa3ce</load_address>
         <run_address>0xa3ce</run_address>
         <size>0x1e</size>
         <input_file_ref idref="fl-4"/>
      </object_component>
      <object_component id="oc-33c">
         <name>.text:_ZN6Enrf248_isAliveEv</name>
         <load_address>0xa3ec</load_address>
         <run_address>0xa3ec</run_address>
         <size>0x1c</size>
         <input_file_ref idref="fl-4"/>
      </object_component>
      <object_component id="oc-493">
         <name>.text:_ZN6Enrf248spi_sendEh</name>
         <load_address>0xa408</load_address>
         <run_address>0xa408</run_address>
         <size>0x1a</size>
         <input_file_ref idref="fl-4"/>
      </object_component>
      <object_component id="oc-ae">
         <name>.text:_isr:_c_int00_noargs_noexit</name>
         <load_address>0xa422</load_address>
         <run_address>0xa422</run_address>
         <size>0x1a</size>
         <input_file_ref idref="fl-88"/>
      </object_component>
      <object_component id="oc-3e0">
         <name>.text:_ZN16Adafruit_SSD13065sleepEh</name>
         <load_address>0xa43c</load_address>
         <run_address>0xa43c</run_address>
         <size>0x18</size>
         <input_file_ref idref="fl-3"/>
      </object_component>
      <object_component id="oc-49a">
         <name>.text:_ZN6Enrf2414_irq_getreasonEv</name>
         <load_address>0xa454</load_address>
         <run_address>0xa454</run_address>
         <size>0x18</size>
         <input_file_ref idref="fl-4"/>
      </object_component>
      <object_component id="oc-1b1">
         <name>.text:_ZN16Adafruit_SSD130612clearDisplayEv</name>
         <load_address>0xa46c</load_address>
         <run_address>0xa46c</run_address>
         <size>0x16</size>
         <input_file_ref idref="fl-3"/>
      </object_component>
      <object_component id="oc-530">
         <name>.text:_ZN6Enrf2410setChannelEh</name>
         <load_address>0xa482</load_address>
         <run_address>0xa482</run_address>
         <size>0x16</size>
         <input_file_ref idref="fl-4"/>
      </object_component>
      <object_component id="oc-58e">
         <name>.text:chk_chr</name>
         <load_address>0xa498</load_address>
         <run_address>0xa498</run_address>
         <size>0x16</size>
         <input_file_ref idref="fl-7"/>
      </object_component>
      <object_component id="oc-374">
         <name>.text</name>
         <load_address>0xa4ae</load_address>
         <run_address>0xa4ae</run_address>
         <size>0x16</size>
         <input_file_ref idref="fl-68"/>
      </object_component>
      <object_component id="oc-349">
         <name>.text</name>
         <load_address>0xa4c4</load_address>
         <run_address>0xa4c4</run_address>
         <size>0x16</size>
         <input_file_ref idref="fl-74"/>
      </object_component>
      <object_component id="oc-2b1">
         <name>.text:st_clust</name>
         <load_address>0xa4da</load_address>
         <run_address>0xa4da</run_address>
         <size>0x16</size>
         <input_file_ref idref="fl-7"/>
      </object_component>
      <object_component id="oc-57f">
         <name>.text:halSPISetup</name>
         <load_address>0xa4f0</load_address>
         <run_address>0xa4f0</run_address>
         <size>0x14</size>
         <input_file_ref idref="fl-9"/>
      </object_component>
      <object_component id="oc-138">
         <name>.text:main</name>
         <load_address>0xa504</load_address>
         <run_address>0xa504</run_address>
         <size>0x14</size>
         <input_file_ref idref="fl-a"/>
      </object_component>
      <object_component id="oc-595">
         <name>.text:mem_cmp</name>
         <load_address>0xa518</load_address>
         <run_address>0xa518</run_address>
         <size>0x14</size>
         <input_file_ref idref="fl-7"/>
      </object_component>
      <object_component id="oc-da">
         <name>.text:memcpy</name>
         <load_address>0xa52c</load_address>
         <run_address>0xa52c</run_address>
         <size>0x14</size>
         <input_file_ref idref="fl-90"/>
      </object_component>
      <object_component id="oc-6b">
         <name>.text:decompress:none:__TI_decompress_none</name>
         <load_address>0xa540</load_address>
         <run_address>0xa540</run_address>
         <size>0x12</size>
         <input_file_ref idref="fl-47"/>
      </object_component>
      <object_component id="oc-4d1">
         <name>.text:deselect</name>
         <load_address>0xa552</load_address>
         <run_address>0xa552</run_address>
         <size>0x12</size>
         <input_file_ref idref="fl-6"/>
      </object_component>
      <object_component id="oc-335">
         <name>.text:mem_cpy</name>
         <load_address>0xa564</load_address>
         <run_address>0xa564</run_address>
         <size>0x12</size>
         <input_file_ref idref="fl-7"/>
      </object_component>
      <object_component id="oc-475">
         <name>.text:mem_set</name>
         <load_address>0xa576</load_address>
         <run_address>0xa576</run_address>
         <size>0x12</size>
         <input_file_ref idref="fl-7"/>
      </object_component>
      <object_component id="oc-4a0">
         <name>.text:_ZN6Enrf2410_irq_clearEh</name>
         <load_address>0xa588</load_address>
         <run_address>0xa588</run_address>
         <size>0x10</size>
         <input_file_ref idref="fl-4"/>
      </object_component>
      <object_component id="oc-2ff">
         <name>.text:_ZN6Enrf2411_readTXaddrEPh</name>
         <load_address>0xa598</load_address>
         <run_address>0xa598</run_address>
         <size>0x10</size>
         <input_file_ref idref="fl-4"/>
      </object_component>
      <object_component id="oc-402">
         <name>.text:_ZN6Enrf2412setTXaddressEPKv</name>
         <load_address>0xa5a8</load_address>
         <run_address>0xa5a8</run_address>
         <size>0x10</size>
         <input_file_ref idref="fl-4"/>
      </object_component>
      <object_component id="oc-305">
         <name>.text:_ZN6Enrf2414_writeRXaddrP0EPh</name>
         <load_address>0xa5b8</load_address>
         <run_address>0xa5b8</run_address>
         <size>0x10</size>
         <input_file_ref idref="fl-4"/>
      </object_component>
      <object_component id="oc-60d">
         <name>.text:l_lsl</name>
         <load_address>0xa5c8</load_address>
         <run_address>0xa5c8</run_address>
         <size>0x10</size>
         <input_file_ref idref="fl-7f"/>
      </object_component>
      <object_component id="oc-505">
         <name>.text:l_lsr</name>
         <load_address>0xa5d8</load_address>
         <run_address>0xa5d8</run_address>
         <size>0x10</size>
         <input_file_ref idref="fl-82"/>
      </object_component>
      <object_component id="oc-443">
         <name>.text:disk_status</name>
         <load_address>0xa5e8</load_address>
         <run_address>0xa5e8</run_address>
         <size>0xe</size>
         <input_file_ref idref="fl-6"/>
      </object_component>
      <object_component id="oc-1df">
         <name>.text:strlen</name>
         <load_address>0xa5f6</load_address>
         <run_address>0xa5f6</run_address>
         <size>0xe</size>
         <input_file_ref idref="fl-91"/>
      </object_component>
      <object_component id="oc-206">
         <name>.text:_ZN16Adafruit_SSD130611setTextSizeEh</name>
         <load_address>0xa604</load_address>
         <run_address>0xa604</run_address>
         <size>0xc</size>
         <input_file_ref idref="fl-3"/>
      </object_component>
      <object_component id="oc-3da">
         <name>.text:_ZN16Adafruit_SSD130612setTextColorEj</name>
         <load_address>0xa610</load_address>
         <run_address>0xa610</run_address>
         <size>0xc</size>
         <input_file_ref idref="fl-3"/>
      </object_component>
      <object_component id="oc-631">
         <name>.text:_ZN10__cxxabiv117__class_type_infoD0Ev</name>
         <load_address>0xa61c</load_address>
         <run_address>0xa61c</run_address>
         <size>0xa</size>
         <input_file_ref idref="fl-45"/>
      </object_component>
      <object_component id="oc-689">
         <name>.text:_ZN10__cxxabiv120__si_class_type_infoD0Ev</name>
         <load_address>0xa626</load_address>
         <run_address>0xa626</run_address>
         <size>0xa</size>
         <input_file_ref idref="fl-45"/>
      </object_component>
      <object_component id="oc-1c3">
         <name>.text:_ZN16Adafruit_SSD13069setCursorEii</name>
         <load_address>0xa630</load_address>
         <run_address>0xa630</run_address>
         <size>0xa</size>
         <input_file_ref idref="fl-3"/>
      </object_component>
      <object_component id="oc-186">
         <name>.text:_ZN6A2235H4stopEv</name>
         <load_address>0xa63a</load_address>
         <run_address>0xa63a</run_address>
         <size>0xa</size>
         <input_file_ref idref="fl-2"/>
      </object_component>
      <object_component id="oc-23d">
         <name>.text:_ZN6MS5803C1Ev</name>
         <load_address>0xa644</load_address>
         <run_address>0xa644</run_address>
         <size>0xa</size>
         <input_file_ref idref="fl-5"/>
      </object_component>
      <object_component id="oc-661">
         <name>.text:_ZdlPv</name>
         <load_address>0xa64e</load_address>
         <run_address>0xa64e</run_address>
         <size>0xa</size>
         <input_file_ref idref="fl-46"/>
      </object_component>
      <object_component id="oc-10b">
         <name>.text:_isr:_Z11USCI_A0_ISRv</name>
         <load_address>0xa658</load_address>
         <run_address>0xa658</run_address>
         <size>0xa</size>
         <input_file_ref idref="fl-a"/>
      </object_component>
      <object_component id="oc-645">
         <name>.text:abs</name>
         <load_address>0xa662</load_address>
         <run_address>0xa662</run_address>
         <size>0xa</size>
         <input_file_ref idref="fl-8e"/>
      </object_component>
      <object_component id="oc-40b">
         <name>.text</name>
         <load_address>0xa66c</load_address>
         <run_address>0xa66c</run_address>
         <size>0xa</size>
         <input_file_ref idref="fl-7e"/>
      </object_component>
      <object_component id="oc-5d9">
         <name>.text:_ZN16Adafruit_SSD130611getRotationEv</name>
         <load_address>0xa676</load_address>
         <run_address>0xa676</run_address>
         <size>0x6</size>
         <input_file_ref idref="fl-3"/>
      </object_component>
      <object_component id="oc-5cd">
         <name>.text:_ZN16Adafruit_SSD13065widthEv</name>
         <load_address>0xa67c</load_address>
         <run_address>0xa67c</run_address>
         <size>0x6</size>
         <input_file_ref idref="fl-3"/>
      </object_component>
      <object_component id="oc-5d3">
         <name>.text:_ZN16Adafruit_SSD13066heightEv</name>
         <load_address>0xa682</load_address>
         <run_address>0xa682</run_address>
         <size>0x6</size>
         <input_file_ref idref="fl-3"/>
      </object_component>
      <object_component id="oc-192">
         <name>.text:_ZN6Enrf245printEPKc</name>
         <load_address>0xa688</load_address>
         <run_address>0xa688</run_address>
         <size>0x6</size>
         <input_file_ref idref="fl-4"/>
      </object_component>
      <object_component id="oc-ff">
         <name>.text:_isr:_Z10TIMER1_ISRv</name>
         <load_address>0xa68e</load_address>
         <run_address>0xa68e</run_address>
         <size>0x6</size>
         <input_file_ref idref="fl-a"/>
      </object_component>
      <object_component id="oc-f4">
         <name>.text:_isr:__TI_ISR_TRAP</name>
         <load_address>0xa694</load_address>
         <run_address>0xa694</run_address>
         <size>0x6</size>
         <input_file_ref idref="fl-4a"/>
      </object_component>
      <object_component id="oc-71">
         <name>.text:decompress:rle24:__TI_decompress_rle24</name>
         <load_address>0xa69a</load_address>
         <run_address>0xa69a</run_address>
         <size>0x6</size>
         <input_file_ref idref="fl-48"/>
      </object_component>
      <object_component id="oc-585">
         <name>.text:rcvr_mmc</name>
         <load_address>0xa6a0</load_address>
         <run_address>0xa6a0</run_address>
         <size>0x6</size>
         <input_file_ref idref="fl-6"/>
      </object_component>
      <object_component id="oc-5bb">
         <name>.text:xmit_mmc</name>
         <load_address>0xa6a6</load_address>
         <run_address>0xa6a6</run_address>
         <size>0x6</size>
         <input_file_ref idref="fl-6"/>
      </object_component>
      <object_component id="oc-118">
         <name>.text:_system_pre_init</name>
         <load_address>0xa6ac</load_address>
         <run_address>0xa6ac</run_address>
         <size>0x4</size>
         <input_file_ref idref="fl-8a"/>
      </object_component>
      <object_component id="oc-140">
         <name>.text:abort</name>
         <load_address>0xa6b0</load_address>
         <run_address>0xa6b0</run_address>
         <size>0x4</size>
         <input_file_ref idref="fl-8b"/>
      </object_component>
      <object_component id="oc-62b">
         <name>.text:_ZN10__cxxabiv117__class_type_infoD1Ev</name>
         <load_address>0xa6b4</load_address>
         <run_address>0xa6b4</run_address>
         <size>0x2</size>
         <input_file_ref idref="fl-45"/>
      </object_component>
      <object_component id="oc-683">
         <name>.text:_ZN10__cxxabiv120__si_class_type_infoD1Ev</name>
         <load_address>0xa6b6</load_address>
         <run_address>0xa6b6</run_address>
         <size>0x2</size>
         <input_file_ref idref="fl-45"/>
      </object_component>
      <object_component id="oc-3c2">
         <name>.text:_nop</name>
         <load_address>0xa6b8</load_address>
         <run_address>0xa6b8</run_address>
         <size>0x2</size>
         <input_file_ref idref="fl-8d"/>
      </object_component>
      <object_component id="oc-d3">
         <name>.stack</name>
         <uninitialized>true</uninitialized>
         <run_address>0x2360</run_address>
         <size>0x4</size>
         <input_file_ref idref="fl-85"/>
      </object_component>
      <object_component id="oc-70b">
         <name>.stack</name>
         <uninitialized>true</uninitialized>
         <run_address>0x2360</run_address>
         <size>0x0</size>
      </object_component>
      <object_component id="oc-77">
         <name>.int30</name>
         <load_address>0xffcc</load_address>
         <run_address>0xffcc</run_address>
         <size>0x2</size>
         <input_file_ref idref="fl-49"/>
      </object_component>
      <object_component id="oc-78">
         <name>.int31</name>
         <load_address>0xffce</load_address>
         <run_address>0xffce</run_address>
         <size>0x2</size>
         <input_file_ref idref="fl-4b"/>
      </object_component>
      <object_component id="oc-79">
         <name>.int32</name>
         <load_address>0xffd0</load_address>
         <run_address>0xffd0</run_address>
         <size>0x2</size>
         <input_file_ref idref="fl-4c"/>
      </object_component>
      <object_component id="oc-7a">
         <name>.int33</name>
         <load_address>0xffd2</load_address>
         <run_address>0xffd2</run_address>
         <size>0x2</size>
         <input_file_ref idref="fl-4d"/>
      </object_component>
      <object_component id="oc-7b">
         <name>.int34</name>
         <load_address>0xffd4</load_address>
         <run_address>0xffd4</run_address>
         <size>0x2</size>
         <input_file_ref idref="fl-4e"/>
      </object_component>
      <object_component id="oc-7c">
         <name>.int35</name>
         <load_address>0xffd6</load_address>
         <run_address>0xffd6</run_address>
         <size>0x2</size>
         <input_file_ref idref="fl-4f"/>
      </object_component>
      <object_component id="oc-7d">
         <name>.int36</name>
         <load_address>0xffd8</load_address>
         <run_address>0xffd8</run_address>
         <size>0x2</size>
         <input_file_ref idref="fl-50"/>
      </object_component>
      <object_component id="oc-7e">
         <name>.int37</name>
         <load_address>0xffda</load_address>
         <run_address>0xffda</run_address>
         <size>0x2</size>
         <input_file_ref idref="fl-51"/>
      </object_component>
      <object_component id="oc-7f">
         <name>.int38</name>
         <load_address>0xffdc</load_address>
         <run_address>0xffdc</run_address>
         <size>0x2</size>
         <input_file_ref idref="fl-52"/>
      </object_component>
      <object_component id="oc-80">
         <name>.int39</name>
         <load_address>0xffde</load_address>
         <run_address>0xffde</run_address>
         <size>0x2</size>
         <input_file_ref idref="fl-a"/>
      </object_component>
      <object_component id="oc-81">
         <name>.int40</name>
         <load_address>0xffe0</load_address>
         <run_address>0xffe0</run_address>
         <size>0x2</size>
         <input_file_ref idref="fl-a"/>
      </object_component>
      <object_component id="oc-82">
         <name>.int41</name>
         <load_address>0xffe2</load_address>
         <run_address>0xffe2</run_address>
         <size>0x2</size>
         <input_file_ref idref="fl-53"/>
      </object_component>
      <object_component id="oc-83">
         <name>.int42</name>
         <load_address>0xffe4</load_address>
         <run_address>0xffe4</run_address>
         <size>0x2</size>
         <input_file_ref idref="fl-54"/>
      </object_component>
      <object_component id="oc-84">
         <name>.int43</name>
         <load_address>0xffe6</load_address>
         <run_address>0xffe6</run_address>
         <size>0x2</size>
         <input_file_ref idref="fl-55"/>
      </object_component>
      <object_component id="oc-85">
         <name>.int44</name>
         <load_address>0xffe8</load_address>
         <run_address>0xffe8</run_address>
         <size>0x2</size>
         <input_file_ref idref="fl-a"/>
      </object_component>
      <object_component id="oc-86">
         <name>.int45</name>
         <load_address>0xffea</load_address>
         <run_address>0xffea</run_address>
         <size>0x2</size>
         <input_file_ref idref="fl-56"/>
      </object_component>
      <object_component id="oc-87">
         <name>.int46</name>
         <load_address>0xffec</load_address>
         <run_address>0xffec</run_address>
         <size>0x2</size>
         <input_file_ref idref="fl-57"/>
      </object_component>
      <object_component id="oc-88">
         <name>.int47</name>
         <load_address>0xffee</load_address>
         <run_address>0xffee</run_address>
         <size>0x2</size>
         <input_file_ref idref="fl-58"/>
      </object_component>
      <object_component id="oc-89">
         <name>.int48</name>
         <load_address>0xfff0</load_address>
         <run_address>0xfff0</run_address>
         <size>0x2</size>
         <input_file_ref idref="fl-a"/>
      </object_component>
      <object_component id="oc-8a">
         <name>.int49</name>
         <load_address>0xfff2</load_address>
         <run_address>0xfff2</run_address>
         <size>0x2</size>
         <input_file_ref idref="fl-59"/>
      </object_component>
      <object_component id="oc-8b">
         <name>.int50</name>
         <load_address>0xfff4</load_address>
         <run_address>0xfff4</run_address>
         <size>0x2</size>
         <input_file_ref idref="fl-5a"/>
      </object_component>
      <object_component id="oc-8c">
         <name>.int51</name>
         <load_address>0xfff6</load_address>
         <run_address>0xfff6</run_address>
         <size>0x2</size>
         <input_file_ref idref="fl-5b"/>
      </object_component>
      <object_component id="oc-8d">
         <name>.int52</name>
         <load_address>0xfff8</load_address>
         <run_address>0xfff8</run_address>
         <size>0x2</size>
         <input_file_ref idref="fl-5c"/>
      </object_component>
      <object_component id="oc-8e">
         <name>.int53</name>
         <load_address>0xfffa</load_address>
         <run_address>0xfffa</run_address>
         <size>0x2</size>
         <input_file_ref idref="fl-5d"/>
      </object_component>
      <object_component id="oc-8f">
         <name>.int54</name>
         <load_address>0xfffc</load_address>
         <run_address>0xfffc</run_address>
         <size>0x2</size>
         <input_file_ref idref="fl-5e"/>
      </object_component>
      <object_component id="oc-d6">
         <name>.reset</name>
         <load_address>0xfffe</load_address>
         <run_address>0xfffe</run_address>
         <size>0x2</size>
         <input_file_ref idref="fl-85"/>
      </object_component>
      <object_component id="oc-343">
         <name>.fram_display</name>
         <uninitialized>true</uninitialized>
         <run_address>0xfb80</run_address>
         <size>0x400</size>
         <input_file_ref idref="fl-3"/>
      </object_component>
      <object_component id="oc-174">
         <name>.bss</name>
         <uninitialized>true</uninitialized>
         <run_address>0x1e2e</run_address>
         <size>0xe6</size>
         <input_file_ref idref="fl-a"/>
      </object_component>
      <object_component id="oc-38a">
         <name>.common:sensorCoefficients</name>
         <uninitialized>true</uninitialized>
         <run_address>0x1f38</run_address>
         <size>0x10</size>
      </object_component>
      <object_component id="oc-4c2">
         <name>.common:CardType</name>
         <uninitialized>true</uninitialized>
         <run_address>0x1f66</run_address>
         <size>0x1</size>
      </object_component>
      <object_component id="oc-442">
         <name>.common:FatFs</name>
         <uninitialized>true</uninitialized>
         <run_address>0x1f48</run_address>
         <size>0x4</size>
      </object_component>
      <object_component id="oc-455">
         <name>.common:Fsid</name>
         <uninitialized>true</uninitialized>
         <run_address>0x1f58</run_address>
         <size>0x2</size>
      </object_component>
      <object_component id="oc-63f">
         <name>.common:spi_bitbang_in_data</name>
         <uninitialized>true</uninitialized>
         <run_address>0x1f6c</run_address>
         <size>0x1</size>
      </object_component>
      <object_component id="oc-3f2">
         <name>.common:FatFs</name>
         <uninitialized>true</uninitialized>
         <run_address>0x1c00</run_address>
         <size>0x22e</size>
      </object_component>
      <object_component id="oc-17d">
         <name>.common:Fil</name>
         <uninitialized>true</uninitialized>
         <run_address>0x1f14</run_address>
         <size>0x24</size>
      </object_component>
[...]
         <name>radio</name>
         <value>0x1ec4</value>
         <object_component_ref idref="oc-174"/>
      </symbol>
      <symbol id="sm-ac2">
         <name>_Z9PORT1_ISRv</name>
         <value>0x7334</value>
         <object_component_ref idref="oc-f9"/>
      </symbol>
      <symbol id="sm-ac3">
         <name>__sti___8_main_cpp_display</name>
         <value>0x9a2a</value>
         <object_component_ref idref="oc-14c"/>
      </symbol>
      <symbol id="sm-ac4">
         <name>__TI_int39</name>
         <value>0xffde</value>
         <object_component_ref idref="oc-80"/>
      </symbol>
      <symbol id="sm-ac5">
         <name>_Z16split_coordinatev</name>
         <value>0x6f18</value>
         <object_component_ref idref="oc-1e6"/>
      </symbol>
      <symbol id="sm-ac6">
         <name>__TI_int48</name>
         <value>0xfff0</value>
         <object_component_ref idref="oc-89"/>
      </symbol>
      <symbol id="sm-ac7">
         <name>__TI_int44</name>
         <value>0xffe8</value>
         <object_component_ref idref="oc-85"/>
      </symbol>
      <symbol id="sm-ac8">
         <name>__TI_int40</name>
         <value>0xffe0</value>
         <object_component_ref idref="oc-81"/>
      </symbol>
      <symbol id="sm-ac9">
         <name>_Z11USCI_A0_ISRv</name>
         <value>0xa658</value>
         <object_component_ref idref="oc-10b"/>
      </symbol>
      <symbol id="sm-aca">
         <name>main</name>
         <value>0xa504</value>
         <object_component_ref idref="oc-138"/>
      </symbol>
      <symbol id="sm-acb">
         <name>_Z5spliti</name>
         <value>0x67ca</value>
         <object_component_ref idref="oc-1d6"/>
      </symbol>
      <symbol id="sm-acc">
         <name>_Z4initv</name>
         <value>0x8b56</value>
         <object_component_ref idref="oc-22f"/>
      </symbol>
      <symbol id="sm-acd">
         <name>display</name>
         <value>0x1e2e</value>
         <object_component_ref idref="oc-174"/>
      </symbol>
      <symbol id="sm-ace">
         <name>_Z10TIMER0_ISRv</name>
         <value>0x5400</value>
         <object_component_ref idref="oc-105"/>
      </symbol>
      <symbol id="sm-acf">
         <name>_Z10TIMER1_ISRv</name>
         <value>0xa68e</value>
         <object_component_ref idref="oc-ff"/>
      </symbol>
      <symbol id="sm-ad0">
         <name>str</name>
         <value>0x1f8a</value>
         <object_component_ref idref="oc-1dc"/>
      </symbol>
      <symbol id="sm-ad1">
         <name>GPS</name>
         <value>0x1e4e</value>
         <object_component_ref idref="oc-174"/>
      </symbol>
      <symbol id="sm-ad2">
         <name>sensor</name>
         <value>0x1e3e</value>
         <object_component_ref idref="oc-174"/>
      </symbol>
      <symbol id="sm-b33">
         <name>_ZTSSt9type_info</name>
         <value>0x4fe4</value>
         <object_component_ref idref="oc-68e"/>
      </symbol>
      <symbol id="sm-b34">
         <name>_ZN10__cxxabiv117__class_type_infoD1Ev</name>
         <value>0xa6b4</value>
         <object_component_ref idref="oc-62b"/>
      </symbol>
      <symbol id="sm-b35">
         <name>_ZTSN10__cxxabiv120__si_class_type_infoE</name>
         <value>0x4f5c</value>
         <object_component_ref idref="oc-69b"/>
      </symbol>
      <symbol id="sm-b36">
         <name>_ZTSN10__cxxabiv117__class_type_infoE</name>
         <value>0x4f82</value>
         <object_component_ref idref="oc-651"/>
      </symbol>
      <symbol id="sm-b37">
         <name>_ZN10__cxxabiv117__class_type_infoD2Ev</name>
         <value>0xa6b4</value>
         <object_component_ref idref="oc-62b"/>
      </symbol>
      <symbol id="sm-b38">
         <name>_ZN10__cxxabiv120__si_class_type_infoD2Ev</name>
         <value>0xa6b6</value>
         <object_component_ref idref="oc-683"/>
      </symbol>
      <symbol id="sm-b39">
         <name>_ZTVN10__cxxabiv117__class_type_infoE</name>
         <value>0x4fc4</value>
         <object_component_ref idref="oc-5f4"/>
      </symbol>
      <symbol id="sm-b3a">
         <name>_ZTISt9type_info</name>
         <value>0x5072</value>
         <object_component_ref idref="oc-656"/>
      </symbol>
      <symbol id="sm-b3b">
         <name>_ZTIN10__cxxabiv117__class_type_infoE</name>
         <value>0x4ff2</value>
         <object_component_ref idref="oc-626"/>
      </symbol>
      <symbol id="sm-b3c">
         <name>_ZN10__cxxabiv120__si_class_type_infoD1Ev</name>
         <value>0xa6b6</value>
         <object_component_ref idref="oc-683"/>
      </symbol>
      <symbol id="sm-b3d">
         <name>_ZTIN10__cxxabiv120__si_class_type_infoE</name>
         <value>0x4ffe</value>
         <object_component_ref idref="oc-67e"/>
      </symbol>
      <symbol id="sm-b3e">
         <name>_ZN10__cxxabiv117__class_type_infoD0Ev</name>
         <value>0xa61c</value>
         <object_component_ref idref="oc-631"/>
      </symbol>
      <symbol id="sm-b3f">
         <name>_ZTVN10__cxxabiv120__si_class_type_infoE</name>
         <value>0x4fd4</value>
         <object_component_ref idref="oc-64c"/>
      </symbol>
      <symbol id="sm-b40">
         <name>_ZN10__cxxabiv120__si_class_type_infoD0Ev</name>
         <value>0xa626</value>
         <object_component_ref idref="oc-689"/>
      </symbol>
      <symbol id="sm-b4d">
         <name>_ZdlPv</name>
         <value>0xa64e</value>
         <object_component_ref idref="oc-661"/>
      </symbol>
      <symbol id="sm-b63">
         <name>__TI_decompress_none</name>
         <value>0xa540</value>
         <object_component_ref idref="oc-6b"/>
      </symbol>
      <symbol id="sm-b85">
         <name>__TI_decompress_rle24</name>
         <value>0xa69a</value>
         <object_component_ref idref="oc-71"/>
      </symbol>
      <symbol id="sm-b88">
         <name>__TI_int30</name>
         <value>0xffcc</value>
         <object_component_ref idref="oc-77"/>
      </symbol>
      <symbol id="sm-b90">
         <name>__TI_ISR_TRAP</name>
         <value>0xa694</value>
         <object_component_ref idref="oc-f4"/>
      </symbol>
      <symbol id="sm-b93">
         <name>__TI_int31</name>
         <value>0xffce</value>
         <object_component_ref idref="oc-78"/>
      </symbol>
      <symbol id="sm-b96">
         <name>__TI_int32</name>
         <value>0xffd0</value>
         <object_component_ref idref="oc-79"/>
      </symbol>
      <symbol id="sm-b99">
         <name>__TI_int33</name>
         <value>0xffd2</value>
         <object_component_ref idref="oc-7a"/>
      </symbol>
      <symbol id="sm-b9c">
         <name>__TI_int34</name>
         <value>0xffd4</value>
         <object_component_ref idref="oc-7b"/>
      </symbol>
      <symbol id="sm-b9f">
         <name>__TI_int35</name>
         <value>0xffd6</value>
         <object_component_ref idref="oc-7c"/>
      </symbol>
      <symbol id="sm-ba2">
         <name>__TI_int36</name>
         <value>0xffd8</value>
         <object_component_ref idref="oc-7d"/>
      </symbol>
      <symbol id="sm-ba5">
         <name>__TI_int37</name>
         <value>0xffda</value>
         <object_component_ref idref="oc-7e"/>
      </symbol>
      <symbol id="sm-ba8">
         <name>__TI_int38</name>
         <value>0xffdc</value>
         <object_component_ref idref="oc-7f"/>
      </symbol>
      <symbol id="sm-bab">
         <name>__TI_int41</name>
         <value>0xffe2</value>
         <object_component_ref idref="oc-82"/>
      </symbol>
      <symbol id="sm-bae">
         <name>__TI_int42</name>
         <value>0xffe4</value>
         <object_component_ref idref="oc-83"/>
      </symbol>
      <symbol id="sm-bb1">
         <name>__TI_int43</name>
         <value>0xffe6</value>
         <object_component_ref idref="oc-84"/>
      </symbol>
      <symbol id="sm-bb4">
         <name>__TI_int45</name>
         <value>0xffea</value>
         <object_component_ref idref="oc-86"/>
      </symbol>
      <symbol id="sm-bb7">
         <name>__TI_int46</name>
         <value>0xffec</value>
         <object_component_ref idref="oc-87"/>
      </symbol>
      <symbol id="sm-bba">
         <name>__TI_int47</name>
         <value>0xffee</value>
         <object_component_ref idref="oc-88"/>
      </symbol>
      <symbol id="sm-bbd">
         <name>__TI_int49</name>
         <value>0xfff2</value>
         <object_component_ref idref="oc-8a"/>
      </symbol>
      <symbol id="sm-bc0">
         <name>__TI_int50</name>
         <value>0xfff4</value>
         <object_component_ref idref="oc-8b"/>
      </symbol>
      <symbol id="sm-bc3">
         <name>__TI_int51</name>
         <value>0xfff6</value>
         <object_component_ref idref="oc-8c"/>
      </symbol>
      <symbol id="sm-bc6">
         <name>__TI_int52</name>
         <value>0xfff8</value>
         <object_component_ref idref="oc-8d"/>
      </symbol>
      <symbol id="sm-bc9">
         <name>__TI_int53</name>
         <value>0xfffa</value>
         <object_component_ref idref="oc-8e"/>
      </symbol>
      <symbol id="sm-bcc">
         <name>__TI_int54</name>
         <value>0xfffc</value>
         <object_component_ref idref="oc-8f"/>
      </symbol>
      <symbol id="sm-bdf">
         <name>__TI_zero_init</name>
         <value>0xa304</value>
         <object_component_ref idref="oc-90"/>
      </symbol>
      <symbol id="sm-bf1">
         <name>__mspabi_remi</name>
         <value>0xa214</value>
         <object_component_ref idref="oc-1ff"/>
      </symbol>
      <symbol id="sm-bf2">
         <name>__mspabi_divi</name>
         <value>0xa214</value>
         <object_component_ref idref="oc-1ff"/>
      </symbol>
      <symbol id="sm-bff">
         <name>__mspabi_remli</name>
         <value>0x9d1c</value>
         <object_component_ref idref="oc-1ed"/>
      </symbol>
      <symbol id="sm-c00">
         <name>__mspabi_divli</name>
         <value>0x9d1c</value>
         <object_component_ref idref="oc-1ed"/>
      </symbol>
      <symbol id="sm-c0a">
         <name>__mspabi_remu</name>
         <value>0xa4ae</value>
         <object_component_ref idref="oc-374"/>
      </symbol>
      <symbol id="sm-c0b">
         <name>__mspabi_divu</name>
         <value>0xa4ae</value>
         <object_component_ref idref="oc-374"/>
      </symbol>
      <symbol id="sm-c1a">
         <name>__mspabi_remul</name>
         <value>0x982a</value>
         <object_component_ref idref="oc-37a"/>
      </symbol>
      <symbol id="sm-c1b">
         <name>__mspabi_divul</name>
         <value>0x982a</value>
         <object_component_ref idref="oc-37a"/>
      </symbol>
      <symbol id="sm-c4d">
         <name>__mspabi_divull</name>
         <value>0x6430</value>
         <object_component_ref idref="oc-3a4"/>
      </symbol>
      <symbol id="sm-c63">
         <name>__mspabi_mpyi_f5hw</name>
         <value>0xa4c4</value>
         <object_component_ref idref="oc-349"/>
      </symbol>
      <symbol id="sm-c76">
         <name>__mspabi_mpyl_f5hw</name>
         <value>0xa34c</value>
         <object_component_ref idref="oc-1f2"/>
      </symbol>
      <symbol id="sm-c8b">
         <name>__mspabi_mpyll_f5hw</name>
         <value>0x9776</value>
         <object_component_ref idref="oc-39f"/>
      </symbol>
      <symbol id="sm-caa">
         <name>__mspabi_mpysll_f5hw</name>
         <value>0xa26a</value>
         <object_component_ref idref="oc-394"/>
      </symbol>
      <symbol id="sm-cb5">
         <name>__mspabi_slli</name>
         <value>0xa66c</value>
         <object_component_ref idref="oc-40b"/>
      </symbol>
      <symbol id="sm-cc5">
         <name>__mspabi_slll_9</name>
         <value>0x9e2e</value>
         <object_component_ref idref="oc-2c3"/>
      </symbol>
      <symbol id="sm-cc6">
         <name>__mspabi_slll_8</name>
         <value>0x9e32</value>
         <object_component_ref idref="oc-2c3"/>
      </symbol>
      <symbol id="sm-cc7">
         <name>__mspabi_slll_7</name>
         <value>0x9e36</value>
         <object_component_ref idref="oc-2c3"/>
      </symbol>
      <symbol id="sm-cc8">
         <name>__mspabi_slll_6</name>
         <value>0x9e3a</value>
         <object_component_ref idref="oc-2c3"/>
      </symbol>
      <symbol id="sm-cc9">
         <name>__mspabi_slll_5</name>
         <value>0x9e3e</value>
         <object_component_ref idref="oc-2c3"/>
      </symbol>
      <symbol id="sm-cca">
         <name>__mspabi_slll_4</name>
         <value>0x9e42</value>
         <object_component_ref idref="oc-2c3"/>
      </symbol>
      <symbol id="sm-ccb">
         <name>__mspabi_slll_3</name>
         <value>0x9e46</value>
         <object_component_ref idref="oc-2c3"/>
      </symbol>
      <symbol id="sm-ccc">
         <name>__mspabi_slll_2</name>
         <value>0x9e4a</value>
         <object_component_ref idref="oc-2c3"/>
      </symbol>
      <symbol id="sm-ccd">
         <name>__mspabi_slll_1</name>
         <value>0x9e4e</value>
         <object_component_ref idref="oc-2c3"/>
      </symbol>
      <symbol id="sm-cce">
         <name>__mspabi_slll</name>
         <value>0xa5c8</value>
         <object_component_ref idref="oc-60d"/>
      </symbol>
      <symbol id="sm-ccf">
         <name>__mspabi_slll_15</name>
         <value>0x9e16</value>
         <object_component_ref idref="oc-2c3"/>
      </symbol>
      <symbol id="sm-cd0">
         <name>__mspabi_slll_14</name>
         <value>0x9e1a</value>
         <object_component_ref idref="oc-2c3"/>
      </symbol>
      <symbol id="sm-cd1">
         <name>__mspabi_slll_13</name>
         <value>0x9e1e</value>
         <object_component_ref idref="oc-2c3"/>
      </symbol>
      <symbol id="sm-cd2">
         <name>__mspabi_slll_12</name>
         <value>0x9e22</value>
         <object_component_ref idref="oc-2c3"/>
      </symbol>
      <symbol id="sm-cd3">
         <name>__mspabi_slll_11</name>
         <value>0x9e26</value>
         <object_component_ref idref="oc-2c3"/>
      </symbol>
      <symbol id="sm-cd4">
         <name>__mspabi_slll_10</name>
         <value>0x9e2a</value>
         <object_component_ref idref="oc-2c3"/>
      </symbol>
      <symbol id="sm-ce1">
         <name>__mspabi_sllll</name>
         <value>0x9f0c</value>
         <object_component_ref idref="oc-38e"/>
      </symbol>
      <symbol id="sm-cf2">
         <name>__mspabi_srll_8</name>
         <value>0x9e70</value>
         <object_component_ref idref="oc-31e"/>
      </symbol>
      <symbol id="sm-cf3">
         <name>__mspabi_srll_9</name>
         <value>0x9e6c</value>
         <object_component_ref idref="oc-31e"/>
      </symbol>
      <symbol id="sm-cf4">
         <name>__mspabi_srll_6</name>
         <value>0x9e78</value>
         <object_component_ref idref="oc-31e"/>
      </symbol>
      <symbol id="sm-cf5">
         <name>__mspabi_srll_7</name>
         <value>0x9e74</value>
         <object_component_ref idref="oc-31e"/>
      </symbol>
      <symbol id="sm-cf6">
         <name>__mspabi_srll_4</name>
         <value>0x9e80</value>
         <object_component_ref idref="oc-31e"/>
      </symbol>
      <symbol id="sm-cf7">
         <name>__mspabi_srll_5</name>
         <value>0x9e7c</value>
         <object_component_ref idref="oc-31e"/>
      </symbol>
      <symbol id="sm-cf8">
         <name>__mspabi_srll_2</name>
         <value>0x9e88</value>
         <object_component_ref idref="oc-31e"/>
      </symbol>
      <symbol id="sm-cf9">
         <name>__mspabi_srll_3</name>
         <value>0x9e84</value>
         <object_component_ref idref="oc-31e"/>
      </symbol>
      <symbol id="sm-cfa">
         <name>__mspabi_srll_1</name>
         <value>0x9e8c</value>
         <object_component_ref idref="oc-31e"/>
      </symbol>
      <symbol id="sm-cfb">
         <name>__mspabi_srll_15</name>
         <value>0x9e54</value>
         <object_component_ref idref="oc-31e"/>
      </symbol>
      <symbol id="sm-cfc">
         <name>__mspabi_srll_14</name>
         <value>0x9e58</value>
         <object_component_ref idref="oc-31e"/>
      </symbol>
      <symbol id="sm-cfd">
         <name>__mspabi_srll_13</name>
         <value>0x9e5c</value>
         <object_component_ref idref="oc-31e"/>
      </symbol>
      <symbol id="sm-cfe">
         <name>__mspabi_srll_12</name>
         <value>0x9e60</value>
         <object_component_ref idref="oc-31e"/>
      </symbol>
      <symbol id="sm-cff">
         <name>__mspabi_srll_11</name>
         <value>0x9e64</value>
         <object_component_ref idref="oc-31e"/>
      </symbol>
      <symbol id="sm-d00">
         <name>__mspabi_srll_10</name>
         <value>0x9e68</value>
         <object_component_ref idref="oc-31e"/>
      </symbol>
      <symbol id="sm-d01">
         <name>__mspabi_srll</name>
         <value>0xa5d8</value>
         <object_component_ref idref="oc-505"/>
      </symbol>
      <symbol id="sm-d0e">
         <name>__mspabi_srlll</name>
         <value>0x9f46</value>
         <object_component_ref idref="oc-399"/>
      </symbol>
      <symbol id="sm-d18">
         <name>_stack</name>
         <value>0x2360</value>
         <object_component_ref idref="oc-d3"/>
      </symbol>
      <symbol id="sm-d19">
         <name>_reset_vector</name>
         <value>0xfffe</value>
         <object_component_ref idref="oc-d6"/>
      </symbol>
      <symbol id="sm-d37">
         <name>_auto_init_hold_wdt</name>
         <value>0x9646</value>
         <object_component_ref idref="oc-11e"/>
      </symbol>
      <symbol id="sm-d42">
         <name>_c_int00_noargs_noexit</name>
         <value>0xa422</value>
         <object_component_ref idref="oc-ae"/>
      </symbol>
      <symbol id="sm-d4c">
         <name>_system_pre_init</name>
         <value>0xa6ac</value>
         <object_component_ref idref="oc-118"/>
      </symbol>
      <symbol id="sm-d57">
         <name>C$$EXIT</name>
         <value>0xa6b0</value>
         <object_component_ref idref="oc-140"/>
      </symbol>
      <symbol id="sm-d58">
         <name>abort</name>
         <value>0xa6b0</value>
         <object_component_ref idref="oc-140"/>
      </symbol>
      <symbol id="sm-d6f">
         <name>_nop</name>
         <value>0xa6b8</value>
         <object_component_ref idref="oc-3c2"/>
      </symbol>
      <symbol id="sm-d70">
         <name>_lock</name>
         <value>0x1f92</value>
         <object_component_ref idref="oc-220"/>
      </symbol>
      <symbol id="sm-d71">
         <name>_unlock</name>
         <value>0x1f96</value>
         <object_component_ref idref="oc-229"/>
      </symbol>
      <symbol id="sm-d7b">
         <name>abs</name>
         <value>0xa662</value>
         <object_component_ref idref="oc-645"/>
      </symbol>
      <symbol id="sm-da6">
         <name>_sys_memory</name>
         <value>0x4400</value>
         <object_component_ref idref="oc-d7"/>
      </symbol>
      <symbol id="sm-da7">
         <name>free</name>
         <value>0x9254</value>
         <object_component_ref idref="oc-693"/>
      </symbol>
      <symbol id="sm-db5">
         <name>memcpy</name>
         <value>0xa52c</value>
         <object_component_ref idref="oc-da"/>
      </symbol>
      <symbol id="sm-dc2">
         <name>strlen</name>
         <value>0xa5f6</value>
         <object_component_ref idref="oc-1df"/>
      </symbol>
   </symbol_table>
   <title>Link successful</title>
</link_info>
